Archive member included to satisfy reference by file (symbol)

c:/st/stm32cubeide_1.6.1/stm32cubeide/plugins/com.st.stm32cube.ide.mcu.externaltools.gnu-tools-for-stm32.9-2020-q2-update.win32_1.5.0.202011040924/tools/bin/../lib/gcc/arm-none-eabi/9.3.1/../../../../arm-none-eabi/lib/thumb/v7-m/nofp\libc_nano.a(lib_a-errno.o)
                              Src/syscalls.o (__errno)
c:/st/stm32cubeide_1.6.1/stm32cubeide/plugins/com.st.stm32cube.ide.mcu.externaltools.gnu-tools-for-stm32.9-2020-q2-update.win32_1.5.0.202011040924/tools/bin/../lib/gcc/arm-none-eabi/9.3.1/../../../../arm-none-eabi/lib/thumb/v7-m/nofp\libc_nano.a(lib_a-exit.o)
                              c:/st/stm32cubeide_1.6.1/stm32cubeide/plugins/com.st.stm32cube.ide.mcu.externaltools.gnu-tools-for-stm32.9-2020-q2-update.win32_1.5.0.202011040924/tools/bin/../lib/gcc/arm-none-eabi/9.3.1/../../../../arm-none-eabi/lib/thumb/v7-m/nofp/crt0.o (exit)
c:/st/stm32cubeide_1.6.1/stm32cubeide/plugins/com.st.stm32cube.ide.mcu.externaltools.gnu-tools-for-stm32.9-2020-q2-update.win32_1.5.0.202011040924/tools/bin/../lib/gcc/arm-none-eabi/9.3.1/../../../../arm-none-eabi/lib/thumb/v7-m/nofp\libc_nano.a(lib_a-impure.o)
                              c:/st/stm32cubeide_1.6.1/stm32cubeide/plugins/com.st.stm32cube.ide.mcu.externaltools.gnu-tools-for-stm32.9-2020-q2-update.win32_1.5.0.202011040924/tools/bin/../lib/gcc/arm-none-eabi/9.3.1/../../../../arm-none-eabi/lib/thumb/v7-m/nofp\libc_nano.a(lib_a-exit.o) (_global_impure_ptr)
c:/st/stm32cubeide_1.6.1/stm32cubeide/plugins/com.st.stm32cube.ide.mcu.externaltools.gnu-tools-for-stm32.9-2020-q2-update.win32_1.5.0.202011040924/tools/bin/../lib/gcc/arm-none-eabi/9.3.1/../../../../arm-none-eabi/lib/thumb/v7-m/nofp\libc_nano.a(lib_a-init.o)
                              c:/st/stm32cubeide_1.6.1/stm32cubeide/plugins/com.st.stm32cube.ide.mcu.externaltools.gnu-tools-for-stm32.9-2020-q2-update.win32_1.5.0.202011040924/tools/bin/../lib/gcc/arm-none-eabi/9.3.1/../../../../arm-none-eabi/lib/thumb/v7-m/nofp/crt0.o (__libc_init_array)
c:/st/stm32cubeide_1.6.1/stm32cubeide/plugins/com.st.stm32cube.ide.mcu.externaltools.gnu-tools-for-stm32.9-2020-q2-update.win32_1.5.0.202011040924/tools/bin/../lib/gcc/arm-none-eabi/9.3.1/../../../../arm-none-eabi/lib/thumb/v7-m/nofp\libc_nano.a(lib_a-memset.o)
                              c:/st/stm32cubeide_1.6.1/stm32cubeide/plugins/com.st.stm32cube.ide.mcu.externaltools.gnu-tools-for-stm32.9-2020-q2-update.win32_1.5.0.202011040924/tools/bin/../lib/gcc/arm-none-eabi/9.3.1/../../../../arm-none-eabi/lib/thumb/v7-m/nofp/crt0.o (memset)

Allocating common symbols
Common symbol       size              file

master_write_req    0x1               Src/main.o
i2c_handle          0x40              Src/main.o
master_rx_buffer    0x5               Src/main.o
master_read_req     0x1               Src/main.o
slave_rx_buffer     0x5               Src/main.o
master_read_buffer  0x4               Src/main.o
SpiHandle           0x38              Src/main.o
slave_rcv_cmd       0x1               Src/main.o

Discarded input sections

 .text          0x0000000000000000        0x0 c:/st/stm32cubeide_1.6.1/stm32cubeide/plugins/com.st.stm32cube.ide.mcu.externaltools.gnu-tools-for-stm32.9-2020-q2-update.win32_1.5.0.202011040924/tools/bin/../lib/gcc/arm-none-eabi/9.3.1/thumb/v7-m/nofp/crti.o
 .data          0x0000000000000000        0x0 c:/st/stm32cubeide_1.6.1/stm32cubeide/plugins/com.st.stm32cube.ide.mcu.externaltools.gnu-tools-for-stm32.9-2020-q2-update.win32_1.5.0.202011040924/tools/bin/../lib/gcc/arm-none-eabi/9.3.1/thumb/v7-m/nofp/crti.o
 .bss           0x0000000000000000        0x0 c:/st/stm32cubeide_1.6.1/stm32cubeide/plugins/com.st.stm32cube.ide.mcu.externaltools.gnu-tools-for-stm32.9-2020-q2-update.win32_1.5.0.202011040924/tools/bin/../lib/gcc/arm-none-eabi/9.3.1/thumb/v7-m/nofp/crti.o
 .data          0x0000000000000000        0x4 c:/st/stm32cubeide_1.6.1/stm32cubeide/plugins/com.st.stm32cube.ide.mcu.externaltools.gnu-tools-for-stm32.9-2020-q2-update.win32_1.5.0.202011040924/tools/bin/../lib/gcc/arm-none-eabi/9.3.1/thumb/v7-m/nofp/crtbegin.o
 .text          0x0000000000000000       0x7c c:/st/stm32cubeide_1.6.1/stm32cubeide/plugins/com.st.stm32cube.ide.mcu.externaltools.gnu-tools-for-stm32.9-2020-q2-update.win32_1.5.0.202011040924/tools/bin/../lib/gcc/arm-none-eabi/9.3.1/../../../../arm-none-eabi/lib/thumb/v7-m/nofp/crt0.o
 .data          0x0000000000000000        0x0 c:/st/stm32cubeide_1.6.1/stm32cubeide/plugins/com.st.stm32cube.ide.mcu.externaltools.gnu-tools-for-stm32.9-2020-q2-update.win32_1.5.0.202011040924/tools/bin/../lib/gcc/arm-none-eabi/9.3.1/../../../../arm-none-eabi/lib/thumb/v7-m/nofp/crt0.o
 .bss           0x0000000000000000        0x0 c:/st/stm32cubeide_1.6.1/stm32cubeide/plugins/com.st.stm32cube.ide.mcu.externaltools.gnu-tools-for-stm32.9-2020-q2-update.win32_1.5.0.202011040924/tools/bin/../lib/gcc/arm-none-eabi/9.3.1/../../../../arm-none-eabi/lib/thumb/v7-m/nofp/crt0.o
 .ARM.extab     0x0000000000000000        0x0 c:/st/stm32cubeide_1.6.1/stm32cubeide/plugins/com.st.stm32cube.ide.mcu.externaltools.gnu-tools-for-stm32.9-2020-q2-update.win32_1.5.0.202011040924/tools/bin/../lib/gcc/arm-none-eabi/9.3.1/../../../../arm-none-eabi/lib/thumb/v7-m/nofp/crt0.o
 .ARM.exidx     0x0000000000000000       0x10 c:/st/stm32cubeide_1.6.1/stm32cubeide/plugins/com.st.stm32cube.ide.mcu.externaltools.gnu-tools-for-stm32.9-2020-q2-update.win32_1.5.0.202011040924/tools/bin/../lib/gcc/arm-none-eabi/9.3.1/../../../../arm-none-eabi/lib/thumb/v7-m/nofp/crt0.o
 .ARM.attributes
                0x0000000000000000       0x1b c:/st/stm32cubeide_1.6.1/stm32cubeide/plugins/com.st.stm32cube.ide.mcu.externaltools.gnu-tools-for-stm32.9-2020-q2-update.win32_1.5.0.202011040924/tools/bin/../lib/gcc/arm-none-eabi/9.3.1/../../../../arm-none-eabi/lib/thumb/v7-m/nofp/crt0.o
 .group         0x0000000000000000        0xc Src/SPI_driver.o
 .group         0x0000000000000000        0xc Src/SPI_driver.o
 .group         0x0000000000000000        0xc Src/SPI_driver.o
 .group         0x0000000000000000        0xc Src/SPI_driver.o
 .group         0x0000000000000000        0xc Src/SPI_driver.o
 .group         0x0000000000000000        0xc Src/SPI_driver.o
 .group         0x0000000000000000        0xc Src/SPI_driver.o
 .group         0x0000000000000000        0xc Src/SPI_driver.o
 .group         0x0000000000000000        0xc Src/SPI_driver.o
 .group         0x0000000000000000        0xc Src/SPI_driver.o
 .group         0x0000000000000000        0xc Src/SPI_driver.o
 .group         0x0000000000000000        0xc Src/SPI_driver.o
 .group         0x0000000000000000        0xc Src/SPI_driver.o
 .group         0x0000000000000000        0xc Src/SPI_driver.o
 .group         0x0000000000000000        0xc Src/SPI_driver.o
 .group         0x0000000000000000        0xc Src/SPI_driver.o
 .group         0x0000000000000000        0xc Src/SPI_driver.o
 .group         0x0000000000000000        0xc Src/SPI_driver.o
 .text          0x0000000000000000        0x0 Src/SPI_driver.o
 .data          0x0000000000000000        0x0 Src/SPI_driver.o
 .bss           0x0000000000000000        0x0 Src/SPI_driver.o
 .text.hal_spi_enable
                0x0000000000000000       0x2a Src/SPI_driver.o
 .text.hal_spi_disable
                0x0000000000000000       0x1e Src/SPI_driver.o
 .text.hal_spi_enable_txe_interrupt
                0x0000000000000000       0x1e Src/SPI_driver.o
 .text.hal_spi_enable_rxne_interrupt
                0x0000000000000000       0x1e Src/SPI_driver.o
 .text.hal_spi_master_tx
                0x0000000000000000       0x52 Src/SPI_driver.o
 .bss.dummu_tx  0x0000000000000000        0x2 Src/SPI_driver.o
 .text.hal_spi_master_rx
                0x0000000000000000       0x78 Src/SPI_driver.o
 .bss.dummy_rx  0x0000000000000000        0xa Src/SPI_driver.o
 .text.hal_spi_slave_tx
                0x0000000000000000       0x6c Src/SPI_driver.o
 .text.hal_spi_slave_rx
                0x0000000000000000       0x46 Src/SPI_driver.o
 .group         0x0000000000000000        0xc Src/gpio_driver.o
 .group         0x0000000000000000        0xc Src/gpio_driver.o
 .group         0x0000000000000000        0xc Src/gpio_driver.o
 .group         0x0000000000000000        0xc Src/gpio_driver.o
 .group         0x0000000000000000        0xc Src/gpio_driver.o
 .group         0x0000000000000000        0xc Src/gpio_driver.o
 .group         0x0000000000000000        0xc Src/gpio_driver.o
 .group         0x0000000000000000        0xc Src/gpio_driver.o
 .group         0x0000000000000000        0xc Src/gpio_driver.o
 .group         0x0000000000000000        0xc Src/gpio_driver.o
 .group         0x0000000000000000        0xc Src/gpio_driver.o
 .group         0x0000000000000000        0xc Src/gpio_driver.o
 .group         0x0000000000000000        0xc Src/gpio_driver.o
 .group         0x0000000000000000        0xc Src/gpio_driver.o
 .group         0x0000000000000000        0xc Src/gpio_driver.o
 .group         0x0000000000000000        0xc Src/gpio_driver.o
 .group         0x0000000000000000        0xc Src/gpio_driver.o
 .text          0x0000000000000000        0x0 Src/gpio_driver.o
 .data          0x0000000000000000        0x0 Src/gpio_driver.o
 .bss           0x0000000000000000        0x0 Src/gpio_driver.o
 .debug_macro   0x0000000000000000      0xaa2 Src/gpio_driver.o
 .debug_macro   0x0000000000000000       0x22 Src/gpio_driver.o
 .debug_macro   0x0000000000000000       0x8e Src/gpio_driver.o
 .debug_macro   0x0000000000000000       0x51 Src/gpio_driver.o
 .debug_macro   0x0000000000000000      0x103 Src/gpio_driver.o
 .debug_macro   0x0000000000000000       0x6a Src/gpio_driver.o
 .debug_macro   0x0000000000000000      0x1df Src/gpio_driver.o
 .debug_macro   0x0000000000000000       0x2e Src/gpio_driver.o
 .debug_macro   0x0000000000000000       0x22 Src/gpio_driver.o
 .debug_macro   0x0000000000000000       0x1c Src/gpio_driver.o
 .debug_macro   0x0000000000000000       0x22 Src/gpio_driver.o
 .debug_macro   0x0000000000000000       0xc3 Src/gpio_driver.o
 .debug_macro   0x0000000000000000      0xe49 Src/gpio_driver.o
 .debug_macro   0x0000000000000000      0x11f Src/gpio_driver.o
 .debug_macro   0x0000000000000000    0x14fe1 Src/gpio_driver.o
 .debug_macro   0x0000000000000000       0x43 Src/gpio_driver.o
 .debug_macro   0x0000000000000000       0xca Src/gpio_driver.o
 .group         0x0000000000000000        0xc Src/i2c_int_handler.o
 .group         0x0000000000000000        0xc Src/i2c_int_handler.o
 .group         0x0000000000000000        0xc Src/i2c_int_handler.o
 .group         0x0000000000000000        0xc Src/i2c_int_handler.o
 .group         0x0000000000000000        0xc Src/i2c_int_handler.o
 .group         0x0000000000000000        0xc Src/i2c_int_handler.o
 .group         0x0000000000000000        0xc Src/i2c_int_handler.o
 .group         0x0000000000000000        0xc Src/i2c_int_handler.o
 .group         0x0000000000000000        0xc Src/i2c_int_handler.o
 .group         0x0000000000000000        0xc Src/i2c_int_handler.o
 .group         0x0000000000000000        0xc Src/i2c_int_handler.o
 .group         0x0000000000000000        0xc Src/i2c_int_handler.o
 .group         0x0000000000000000        0xc Src/i2c_int_handler.o
 .group         0x0000000000000000        0xc Src/i2c_int_handler.o
 .group         0x0000000000000000        0xc Src/i2c_int_handler.o
 .group         0x0000000000000000        0xc Src/i2c_int_handler.o
 .group         0x0000000000000000        0xc Src/i2c_int_handler.o
 .group         0x0000000000000000        0xc Src/i2c_int_handler.o
 .text          0x0000000000000000        0x0 Src/i2c_int_handler.o
 .data          0x0000000000000000        0x0 Src/i2c_int_handler.o
 .bss           0x0000000000000000        0x0 Src/i2c_int_handler.o
 .debug_macro   0x0000000000000000      0xaa2 Src/i2c_int_handler.o
 .debug_macro   0x0000000000000000       0x22 Src/i2c_int_handler.o
 .debug_macro   0x0000000000000000       0x8e Src/i2c_int_handler.o
 .debug_macro   0x0000000000000000       0x51 Src/i2c_int_handler.o
 .debug_macro   0x0000000000000000      0x103 Src/i2c_int_handler.o
 .debug_macro   0x0000000000000000       0x6a Src/i2c_int_handler.o
 .debug_macro   0x0000000000000000      0x1df Src/i2c_int_handler.o
 .debug_macro   0x0000000000000000       0x2e Src/i2c_int_handler.o
 .debug_macro   0x0000000000000000       0x22 Src/i2c_int_handler.o
 .debug_macro   0x0000000000000000       0x1c Src/i2c_int_handler.o
 .debug_macro   0x0000000000000000       0x22 Src/i2c_int_handler.o
 .debug_macro   0x0000000000000000       0xc3 Src/i2c_int_handler.o
 .debug_macro   0x0000000000000000      0xe49 Src/i2c_int_handler.o
 .debug_macro   0x0000000000000000      0x11f Src/i2c_int_handler.o
 .debug_macro   0x0000000000000000    0x14fe1 Src/i2c_int_handler.o
 .debug_macro   0x0000000000000000       0x43 Src/i2c_int_handler.o
 .debug_macro   0x0000000000000000       0xca Src/i2c_int_handler.o
 .group         0x0000000000000000        0xc Src/i2s_driver.o
 .group         0x0000000000000000        0xc Src/i2s_driver.o
 .group         0x0000000000000000        0xc Src/i2s_driver.o
 .group         0x0000000000000000        0xc Src/i2s_driver.o
 .group         0x0000000000000000        0xc Src/i2s_driver.o
 .group         0x0000000000000000        0xc Src/i2s_driver.o
 .group         0x0000000000000000        0xc Src/i2s_driver.o
 .group         0x0000000000000000        0xc Src/i2s_driver.o
 .group         0x0000000000000000        0xc Src/i2s_driver.o
 .group         0x0000000000000000        0xc Src/i2s_driver.o
 .group         0x0000000000000000        0xc Src/i2s_driver.o
 .group         0x0000000000000000        0xc Src/i2s_driver.o
 .group         0x0000000000000000        0xc Src/i2s_driver.o
 .group         0x0000000000000000        0xc Src/i2s_driver.o
 .group         0x0000000000000000        0xc Src/i2s_driver.o
 .group         0x0000000000000000        0xc Src/i2s_driver.o
 .group         0x0000000000000000        0xc Src/i2s_driver.o
 .group         0x0000000000000000        0xc Src/i2s_driver.o
 .text          0x0000000000000000        0x0 Src/i2s_driver.o
 .data          0x0000000000000000        0x0 Src/i2s_driver.o
 .bss           0x0000000000000000        0x0 Src/i2s_driver.o
 .text.hal_i2c_disable_peripheral
                0x0000000000000000       0x1e Src/i2s_driver.o
 .text.hal_i2c_set_fm_mode_duty_cycle
                0x0000000000000000       0x34 Src/i2s_driver.o
 .text.hal_i2c_generate_stop_condition
                0x0000000000000000       0x1e Src/i2s_driver.o
 .text.hal_i2c_slave_tx
                0x0000000000000000       0x7c Src/i2s_driver.o
 .text.hal_i2c_slave_rx
                0x0000000000000000       0x7c Src/i2s_driver.o
 .debug_macro   0x0000000000000000      0xaa2 Src/i2s_driver.o
 .debug_macro   0x0000000000000000       0x22 Src/i2s_driver.o
 .debug_macro   0x0000000000000000       0x8e Src/i2s_driver.o
 .debug_macro   0x0000000000000000       0x51 Src/i2s_driver.o
 .debug_macro   0x0000000000000000      0x103 Src/i2s_driver.o
 .debug_macro   0x0000000000000000       0x6a Src/i2s_driver.o
 .debug_macro   0x0000000000000000      0x1df Src/i2s_driver.o
 .debug_macro   0x0000000000000000       0x2e Src/i2s_driver.o
 .debug_macro   0x0000000000000000       0x22 Src/i2s_driver.o
 .debug_macro   0x0000000000000000       0x1c Src/i2s_driver.o
 .debug_macro   0x0000000000000000       0x22 Src/i2s_driver.o
 .debug_macro   0x0000000000000000       0xc3 Src/i2s_driver.o
 .debug_macro   0x0000000000000000      0xe49 Src/i2s_driver.o
 .debug_macro   0x0000000000000000      0x11f Src/i2s_driver.o
 .debug_macro   0x0000000000000000    0x14fe1 Src/i2s_driver.o
 .debug_macro   0x0000000000000000       0x43 Src/i2s_driver.o
 .debug_macro   0x0000000000000000       0xca Src/i2s_driver.o
 .debug_macro   0x0000000000000000      0x1b8 Src/i2s_driver.o
 .group         0x0000000000000000        0xc Src/main.o
 .group         0x0000000000000000        0xc Src/main.o
 .group         0x0000000000000000        0xc Src/main.o
 .group         0x0000000000000000        0xc Src/main.o
 .group         0x0000000000000000        0xc Src/main.o
 .group         0x0000000000000000        0xc Src/main.o
 .group         0x0000000000000000        0xc Src/main.o
 .group         0x0000000000000000        0xc Src/main.o
 .group         0x0000000000000000        0xc Src/main.o
 .group         0x0000000000000000        0xc Src/main.o
 .group         0x0000000000000000        0xc Src/main.o
 .group         0x0000000000000000        0xc Src/main.o
 .group         0x0000000000000000        0xc Src/main.o
 .group         0x0000000000000000        0xc Src/main.o
 .group         0x0000000000000000        0xc Src/main.o
 .group         0x0000000000000000        0xc Src/main.o
 .group         0x0000000000000000        0xc Src/main.o
 .group         0x0000000000000000        0xc Src/main.o
 .group         0x0000000000000000        0xc Src/main.o
 .group         0x0000000000000000        0xc Src/main.o
 .group         0x0000000000000000        0xc Src/main.o
 .group         0x0000000000000000        0xc Src/main.o
 .group         0x0000000000000000        0xc Src/main.o
 .group         0x0000000000000000        0xc Src/main.o
 .group         0x0000000000000000        0xc Src/main.o
 .group         0x0000000000000000        0xc Src/main.o
 .group         0x0000000000000000        0xc Src/main.o
 .group         0x0000000000000000        0xc Src/main.o
 .group         0x0000000000000000        0xc Src/main.o
 .group         0x0000000000000000        0xc Src/main.o
 .group         0x0000000000000000        0xc Src/main.o
 .group         0x0000000000000000        0xc Src/main.o
 .group         0x0000000000000000        0xc Src/main.o
 .group         0x0000000000000000        0xc Src/main.o
 .group         0x0000000000000000        0xc Src/main.o
 .group         0x0000000000000000        0xc Src/main.o
 .group         0x0000000000000000        0xc Src/main.o
 .text          0x0000000000000000        0x0 Src/main.o
 .data          0x0000000000000000        0x0 Src/main.o
 .bss           0x0000000000000000        0x0 Src/main.o
 .data.slave_reply_data
                0x0000000000000000        0x4 Src/main.o
 .data.master_write_data
                0x0000000000000000        0x4 Src/main.o
 .text.assert_error
                0x0000000000000000       0x18 Src/main.o
 .debug_macro   0x0000000000000000      0xaa2 Src/main.o
 .debug_macro   0x0000000000000000       0x22 Src/main.o
 .debug_macro   0x0000000000000000       0x8e Src/main.o
 .debug_macro   0x0000000000000000       0x51 Src/main.o
 .debug_macro   0x0000000000000000      0x103 Src/main.o
 .debug_macro   0x0000000000000000       0x6a Src/main.o
 .debug_macro   0x0000000000000000      0x1df Src/main.o
 .debug_macro   0x0000000000000000       0x2e Src/main.o
 .debug_macro   0x0000000000000000       0x22 Src/main.o
 .debug_macro   0x0000000000000000       0x1c Src/main.o
 .debug_macro   0x0000000000000000       0x22 Src/main.o
 .debug_macro   0x0000000000000000       0xc3 Src/main.o
 .debug_macro   0x0000000000000000      0xe49 Src/main.o
 .debug_macro   0x0000000000000000      0x11f Src/main.o
 .debug_macro   0x0000000000000000    0x14fe1 Src/main.o
 .debug_macro   0x0000000000000000       0x43 Src/main.o
 .debug_macro   0x0000000000000000       0xca Src/main.o
 .group         0x0000000000000000        0xc Src/syscalls.o
 .group         0x0000000000000000        0xc Src/syscalls.o
 .group         0x0000000000000000        0xc Src/syscalls.o
 .group         0x0000000000000000        0xc Src/syscalls.o
 .group         0x0000000000000000        0xc Src/syscalls.o
 .group         0x0000000000000000        0xc Src/syscalls.o
 .group         0x0000000000000000        0xc Src/syscalls.o
 .group         0x0000000000000000        0xc Src/syscalls.o
 .group         0x0000000000000000        0xc Src/syscalls.o
 .group         0x0000000000000000        0xc Src/syscalls.o
 .group         0x0000000000000000        0xc Src/syscalls.o
 .group         0x0000000000000000        0xc Src/syscalls.o
 .group         0x0000000000000000        0xc Src/syscalls.o
 .group         0x0000000000000000        0xc Src/syscalls.o
 .group         0x0000000000000000        0xc Src/syscalls.o
 .group         0x0000000000000000        0xc Src/syscalls.o
 .group         0x0000000000000000        0xc Src/syscalls.o
 .group         0x0000000000000000        0xc Src/syscalls.o
 .group         0x0000000000000000        0xc Src/syscalls.o
 .group         0x0000000000000000        0xc Src/syscalls.o
 .group         0x0000000000000000        0xc Src/syscalls.o
 .group         0x0000000000000000        0xc Src/syscalls.o
 .group         0x0000000000000000        0xc Src/syscalls.o
 .group         0x0000000000000000        0xc Src/syscalls.o
 .group         0x0000000000000000        0xc Src/syscalls.o
 .group         0x0000000000000000        0xc Src/syscalls.o
 .group         0x0000000000000000        0xc Src/syscalls.o
 .group         0x0000000000000000        0xc Src/syscalls.o
 .group         0x0000000000000000        0xc Src/syscalls.o
 .group         0x0000000000000000        0xc Src/syscalls.o
 .group         0x0000000000000000        0xc Src/syscalls.o
 .group         0x0000000000000000        0xc Src/syscalls.o
 .group         0x0000000000000000        0xc Src/syscalls.o
 .group         0x0000000000000000        0xc Src/syscalls.o
 .group         0x0000000000000000        0xc Src/syscalls.o
 .group         0x0000000000000000        0xc Src/syscalls.o
 .group         0x0000000000000000        0xc Src/syscalls.o
 .group         0x0000000000000000        0xc Src/syscalls.o
 .group         0x0000000000000000        0xc Src/syscalls.o
 .group         0x0000000000000000        0xc Src/syscalls.o
 .group         0x0000000000000000        0xc Src/syscalls.o
 .group         0x0000000000000000        0xc Src/syscalls.o
 .group         0x0000000000000000        0xc Src/syscalls.o
 .group         0x0000000000000000        0xc Src/syscalls.o
 .group         0x0000000000000000        0xc Src/syscalls.o
 .group         0x0000000000000000        0xc Src/syscalls.o
 .group         0x0000000000000000        0xc Src/syscalls.o
 .text          0x0000000000000000        0x0 Src/syscalls.o
 .data          0x0000000000000000        0x0 Src/syscalls.o
 .bss           0x0000000000000000        0x0 Src/syscalls.o
 .bss.__env     0x0000000000000000        0x4 Src/syscalls.o
 .data.environ  0x0000000000000000        0x4 Src/syscalls.o
 .text.initialise_monitor_handles
                0x0000000000000000        0xc Src/syscalls.o
 .text._getpid  0x0000000000000000        0xe Src/syscalls.o
 .text._kill    0x0000000000000000       0x20 Src/syscalls.o
 .text._exit    0x0000000000000000       0x14 Src/syscalls.o
 .text._read    0x0000000000000000       0x3a Src/syscalls.o
 .text._write   0x0000000000000000       0x38 Src/syscalls.o
 .text._close   0x0000000000000000       0x16 Src/syscalls.o
 .text._fstat   0x0000000000000000       0x1e Src/syscalls.o
 .text._isatty  0x0000000000000000       0x14 Src/syscalls.o
 .text._lseek   0x0000000000000000       0x18 Src/syscalls.o
 .text._open    0x0000000000000000       0x1a Src/syscalls.o
 .text._wait    0x0000000000000000       0x1e Src/syscalls.o
 .text._unlink  0x0000000000000000       0x1e Src/syscalls.o
 .text._times   0x0000000000000000       0x16 Src/syscalls.o
 .text._stat    0x0000000000000000       0x1e Src/syscalls.o
 .text._link    0x0000000000000000       0x20 Src/syscalls.o
 .text._fork    0x0000000000000000       0x16 Src/syscalls.o
 .text._execve  0x0000000000000000       0x22 Src/syscalls.o
 .debug_info    0x0000000000000000      0xfa8 Src/syscalls.o
 .debug_abbrev  0x0000000000000000      0x286 Src/syscalls.o
 .debug_aranges
                0x0000000000000000       0xa8 Src/syscalls.o
 .debug_ranges  0x0000000000000000       0x98 Src/syscalls.o
 .debug_macro   0x0000000000000000      0x24c Src/syscalls.o
 .debug_macro   0x0000000000000000      0xaa2 Src/syscalls.o
 .debug_macro   0x0000000000000000       0x22 Src/syscalls.o
 .debug_macro   0x0000000000000000       0x4c Src/syscalls.o
 .debug_macro   0x0000000000000000       0x18 Src/syscalls.o
 .debug_macro   0x0000000000000000       0x94 Src/syscalls.o
 .debug_macro   0x0000000000000000       0x3c Src/syscalls.o
 .debug_macro   0x0000000000000000       0x34 Src/syscalls.o
 .debug_macro   0x0000000000000000       0x57 Src/syscalls.o
 .debug_macro   0x0000000000000000      0x174 Src/syscalls.o
 .debug_macro   0x0000000000000000      0x339 Src/syscalls.o
 .debug_macro   0x0000000000000000       0x16 Src/syscalls.o
 .debug_macro   0x0000000000000000       0x43 Src/syscalls.o
 .debug_macro   0x0000000000000000       0x34 Src/syscalls.o
 .debug_macro   0x0000000000000000       0x10 Src/syscalls.o
 .debug_macro   0x0000000000000000       0x58 Src/syscalls.o
 .debug_macro   0x0000000000000000       0x71 Src/syscalls.o
 .debug_macro   0x0000000000000000       0x1c Src/syscalls.o
 .debug_macro   0x0000000000000000      0x12a Src/syscalls.o
 .debug_macro   0x0000000000000000       0x10 Src/syscalls.o
 .debug_macro   0x0000000000000000       0x35 Src/syscalls.o
 .debug_macro   0x0000000000000000       0x10 Src/syscalls.o
 .debug_macro   0x0000000000000000       0x10 Src/syscalls.o
 .debug_macro   0x0000000000000000       0x10 Src/syscalls.o
 .debug_macro   0x0000000000000000       0x6a Src/syscalls.o
 .debug_macro   0x0000000000000000       0x1c Src/syscalls.o
 .debug_macro   0x0000000000000000       0x52 Src/syscalls.o
 .debug_macro   0x0000000000000000       0x22 Src/syscalls.o
 .debug_macro   0x0000000000000000       0x10 Src/syscalls.o
 .debug_macro   0x0000000000000000       0x40 Src/syscalls.o
 .debug_macro   0x0000000000000000       0xd5 Src/syscalls.o
 .debug_macro   0x0000000000000000       0x1c Src/syscalls.o
 .debug_macro   0x0000000000000000       0x3d Src/syscalls.o
 .debug_macro   0x0000000000000000       0x35 Src/syscalls.o
 .debug_macro   0x0000000000000000      0x12c Src/syscalls.o
 .debug_macro   0x0000000000000000       0x16 Src/syscalls.o
 .debug_macro   0x0000000000000000       0x16 Src/syscalls.o
 .debug_macro   0x0000000000000000       0x29 Src/syscalls.o
 .debug_macro   0x0000000000000000       0x10 Src/syscalls.o
 .debug_macro   0x0000000000000000      0x241 Src/syscalls.o
 .debug_macro   0x0000000000000000       0x1c Src/syscalls.o
 .debug_macro   0x0000000000000000       0x10 Src/syscalls.o
 .debug_macro   0x0000000000000000       0x10 Src/syscalls.o
 .debug_macro   0x0000000000000000       0x16 Src/syscalls.o
 .debug_macro   0x0000000000000000      0x145 Src/syscalls.o
 .debug_macro   0x0000000000000000      0x189 Src/syscalls.o
 .debug_macro   0x0000000000000000       0x16 Src/syscalls.o
 .debug_macro   0x0000000000000000       0xce Src/syscalls.o
 .debug_line    0x0000000000000000      0x7fd Src/syscalls.o
 .debug_str     0x0000000000000000     0x8e85 Src/syscalls.o
 .comment       0x0000000000000000       0x54 Src/syscalls.o
 .debug_frame   0x0000000000000000      0x2ac Src/syscalls.o
 .ARM.attributes
                0x0000000000000000       0x2d Src/syscalls.o
 .group         0x0000000000000000        0xc Src/sysmem.o
 .group         0x0000000000000000        0xc Src/sysmem.o
 .group         0x0000000000000000        0xc Src/sysmem.o
 .group         0x0000000000000000        0xc Src/sysmem.o
 .group         0x0000000000000000        0xc Src/sysmem.o
 .group         0x0000000000000000        0xc Src/sysmem.o
 .group         0x0000000000000000        0xc Src/sysmem.o
 .group         0x0000000000000000        0xc Src/sysmem.o
 .group         0x0000000000000000        0xc Src/sysmem.o
 .group         0x0000000000000000        0xc Src/sysmem.o
 .group         0x0000000000000000        0xc Src/sysmem.o
 .group         0x0000000000000000        0xc Src/sysmem.o
 .group         0x0000000000000000        0xc Src/sysmem.o
 .group         0x0000000000000000        0xc Src/sysmem.o
 .group         0x0000000000000000        0xc Src/sysmem.o
 .group         0x0000000000000000        0xc Src/sysmem.o
 .group         0x0000000000000000        0xc Src/sysmem.o
 .group         0x0000000000000000        0xc Src/sysmem.o
 .group         0x0000000000000000        0xc Src/sysmem.o
 .group         0x0000000000000000        0xc Src/sysmem.o
 .group         0x0000000000000000        0xc Src/sysmem.o
 .group         0x0000000000000000        0xc Src/sysmem.o
 .text          0x0000000000000000        0x0 Src/sysmem.o
 .data          0x0000000000000000        0x0 Src/sysmem.o
 .bss           0x0000000000000000        0x0 Src/sysmem.o
 .bss.__sbrk_heap_end
                0x0000000000000000        0x4 Src/sysmem.o
 .text._sbrk    0x0000000000000000       0x6c Src/sysmem.o
 .debug_info    0x0000000000000000      0xa25 Src/sysmem.o
 .debug_abbrev  0x0000000000000000      0x1bf Src/sysmem.o
 .debug_aranges
                0x0000000000000000       0x20 Src/sysmem.o
 .debug_ranges  0x0000000000000000       0x10 Src/sysmem.o
 .debug_macro   0x0000000000000000       0xff Src/sysmem.o
 .debug_macro   0x0000000000000000      0xaa2 Src/sysmem.o
 .debug_macro   0x0000000000000000       0x10 Src/sysmem.o
 .debug_macro   0x0000000000000000       0x22 Src/sysmem.o
 .debug_macro   0x0000000000000000       0x4c Src/sysmem.o
 .debug_macro   0x0000000000000000       0x18 Src/sysmem.o
 .debug_macro   0x0000000000000000       0x94 Src/sysmem.o
 .debug_macro   0x0000000000000000       0x3c Src/sysmem.o
 .debug_macro   0x0000000000000000       0x34 Src/sysmem.o
 .debug_macro   0x0000000000000000      0x174 Src/sysmem.o
 .debug_macro   0x0000000000000000       0x16 Src/sysmem.o
 .debug_macro   0x0000000000000000       0x43 Src/sysmem.o
 .debug_macro   0x0000000000000000       0x57 Src/sysmem.o
 .debug_macro   0x0000000000000000       0x34 Src/sysmem.o
 .debug_macro   0x0000000000000000       0x10 Src/sysmem.o
 .debug_macro   0x0000000000000000       0x58 Src/sysmem.o
 .debug_macro   0x0000000000000000       0x71 Src/sysmem.o
 .debug_macro   0x0000000000000000       0x1c Src/sysmem.o
 .debug_macro   0x0000000000000000      0x12a Src/sysmem.o
 .debug_macro   0x0000000000000000      0x23b Src/sysmem.o
 .debug_macro   0x0000000000000000      0x103 Src/sysmem.o
 .debug_macro   0x0000000000000000       0x6a Src/sysmem.o
 .debug_macro   0x0000000000000000      0x1df Src/sysmem.o
 .debug_line    0x0000000000000000      0x4f3 Src/sysmem.o
 .debug_str     0x0000000000000000     0x6258 Src/sysmem.o
 .comment       0x0000000000000000       0x54 Src/sysmem.o
 .debug_frame   0x0000000000000000       0x34 Src/sysmem.o
 .ARM.attributes
                0x0000000000000000       0x2d Src/sysmem.o
 .group         0x0000000000000000        0xc Src/uart_driver.o
 .group         0x0000000000000000        0xc Src/uart_driver.o
 .group         0x0000000000000000        0xc Src/uart_driver.o
 .group         0x0000000000000000        0xc Src/uart_driver.o
 .group         0x0000000000000000        0xc Src/uart_driver.o
 .group         0x0000000000000000        0xc Src/uart_driver.o
 .group         0x0000000000000000        0xc Src/uart_driver.o
 .group         0x0000000000000000        0xc Src/uart_driver.o
 .group         0x0000000000000000        0xc Src/uart_driver.o
 .group         0x0000000000000000        0xc Src/uart_driver.o
 .group         0x0000000000000000        0xc Src/uart_driver.o
 .group         0x0000000000000000        0xc Src/uart_driver.o
 .group         0x0000000000000000        0xc Src/uart_driver.o
 .group         0x0000000000000000        0xc Src/uart_driver.o
 .group         0x0000000000000000        0xc Src/uart_driver.o
 .group         0x0000000000000000        0xc Src/uart_driver.o
 .group         0x0000000000000000        0xc Src/uart_driver.o
 .group         0x0000000000000000        0xc Src/uart_driver.o
 .text          0x0000000000000000        0x0 Src/uart_driver.o
 .data          0x0000000000000000        0x0 Src/uart_driver.o
 .bss           0x0000000000000000        0x0 Src/uart_driver.o
 .text.hal_uart_enable
                0x0000000000000000       0x1e Src/uart_driver.o
 .text.hal_uart_disable
                0x0000000000000000       0x1e Src/uart_driver.o
 .text.hal_uart_enable_disable_tx
                0x0000000000000000       0x38 Src/uart_driver.o
 .text.hal_uart_enable_disable_rx
                0x0000000000000000       0x38 Src/uart_driver.o
 .text.hal_uart_configure_word_length
                0x0000000000000000       0x34 Src/uart_driver.o
 .text.hal_uart_configure_stop_bits
                0x0000000000000000       0x64 Src/uart_driver.o
 .text.hal_uart_configure_over_sampling
                0x0000000000000000       0x26 Src/uart_driver.o
 .text.hal_uart_set_baud_rate
                0x0000000000000000       0x3c Src/uart_driver.o
 .text.hal_uart_configure_txe_interrupt
                0x0000000000000000       0x34 Src/uart_driver.o
 .text.hal_uart_configure_rxne_interrupt
                0x0000000000000000       0x34 Src/uart_driver.o
 .text.hal_uart_configure_error_interrupt
                0x0000000000000000       0x34 Src/uart_driver.o
 .text.hal_uart_configure_parity_error_interrupt
                0x0000000000000000       0x34 Src/uart_driver.o
 .text.hal_uart_error_cb
                0x0000000000000000       0x18 Src/uart_driver.o
 .text.hal_uart_init
                0x0000000000000000       0x90 Src/uart_driver.o
 .text.hal_uart_tx
                0x0000000000000000       0x48 Src/uart_driver.o
 .text.hal_uart_rx
                0x0000000000000000       0x5e Src/uart_driver.o
 .text.hal_uart_handle_interrupt
                0x0000000000000000      0x18c Src/uart_driver.o
 .debug_info    0x0000000000000000      0x863 Src/uart_driver.o
 .debug_abbrev  0x0000000000000000      0x22f Src/uart_driver.o
 .debug_aranges
                0x0000000000000000       0xa0 Src/uart_driver.o
 .debug_ranges  0x0000000000000000       0x90 Src/uart_driver.o
 .debug_macro   0x0000000000000000       0xea Src/uart_driver.o
 .debug_macro   0x0000000000000000      0xaa2 Src/uart_driver.o
 .debug_macro   0x0000000000000000       0x22 Src/uart_driver.o
 .debug_macro   0x0000000000000000       0x8e Src/uart_driver.o
 .debug_macro   0x0000000000000000       0x51 Src/uart_driver.o
 .debug_macro   0x0000000000000000      0x103 Src/uart_driver.o
 .debug_macro   0x0000000000000000       0x6a Src/uart_driver.o
 .debug_macro   0x0000000000000000      0x1df Src/uart_driver.o
 .debug_macro   0x0000000000000000       0x2e Src/uart_driver.o
 .debug_macro   0x0000000000000000       0x22 Src/uart_driver.o
 .debug_macro   0x0000000000000000       0x1c Src/uart_driver.o
 .debug_macro   0x0000000000000000       0x22 Src/uart_driver.o
 .debug_macro   0x0000000000000000       0xc3 Src/uart_driver.o
 .debug_macro   0x0000000000000000      0xe49 Src/uart_driver.o
 .debug_macro   0x0000000000000000      0x11f Src/uart_driver.o
 .debug_macro   0x0000000000000000    0x14fe1 Src/uart_driver.o
 .debug_macro   0x0000000000000000       0x43 Src/uart_driver.o
 .debug_macro   0x0000000000000000       0xca Src/uart_driver.o
 .debug_macro   0x0000000000000000      0x172 Src/uart_driver.o
 .debug_line    0x0000000000000000      0x7f9 Src/uart_driver.o
 .debug_str     0x0000000000000000    0x82453 Src/uart_driver.o
 .comment       0x0000000000000000       0x54 Src/uart_driver.o
 .debug_frame   0x0000000000000000      0x2a0 Src/uart_driver.o
 .ARM.attributes
                0x0000000000000000       0x2d Src/uart_driver.o
 .text          0x0000000000000000       0x14 Startup/startup_stm32f207ighx.o
 .data          0x0000000000000000        0x0 Startup/startup_stm32f207ighx.o
 .bss           0x0000000000000000        0x0 Startup/startup_stm32f207ighx.o
 .text          0x0000000000000000        0x0 c:/st/stm32cubeide_1.6.1/stm32cubeide/plugins/com.st.stm32cube.ide.mcu.externaltools.gnu-tools-for-stm32.9-2020-q2-update.win32_1.5.0.202011040924/tools/bin/../lib/gcc/arm-none-eabi/9.3.1/../../../../arm-none-eabi/lib/thumb/v7-m/nofp\libc_nano.a(lib_a-errno.o)
 .data          0x0000000000000000        0x0 c:/st/stm32cubeide_1.6.1/stm32cubeide/plugins/com.st.stm32cube.ide.mcu.externaltools.gnu-tools-for-stm32.9-2020-q2-update.win32_1.5.0.202011040924/tools/bin/../lib/gcc/arm-none-eabi/9.3.1/../../../../arm-none-eabi/lib/thumb/v7-m/nofp\libc_nano.a(lib_a-errno.o)
 .bss           0x0000000000000000        0x0 c:/st/stm32cubeide_1.6.1/stm32cubeide/plugins/com.st.stm32cube.ide.mcu.externaltools.gnu-tools-for-stm32.9-2020-q2-update.win32_1.5.0.202011040924/tools/bin/../lib/gcc/arm-none-eabi/9.3.1/../../../../arm-none-eabi/lib/thumb/v7-m/nofp\libc_nano.a(lib_a-errno.o)
 .text.__errno  0x0000000000000000        0xc c:/st/stm32cubeide_1.6.1/stm32cubeide/plugins/com.st.stm32cube.ide.mcu.externaltools.gnu-tools-for-stm32.9-2020-q2-update.win32_1.5.0.202011040924/tools/bin/../lib/gcc/arm-none-eabi/9.3.1/../../../../arm-none-eabi/lib/thumb/v7-m/nofp\libc_nano.a(lib_a-errno.o)
 .debug_frame   0x0000000000000000       0x20 c:/st/stm32cubeide_1.6.1/stm32cubeide/plugins/com.st.stm32cube.ide.mcu.externaltools.gnu-tools-for-stm32.9-2020-q2-update.win32_1.5.0.202011040924/tools/bin/../lib/gcc/arm-none-eabi/9.3.1/../../../../arm-none-eabi/lib/thumb/v7-m/nofp\libc_nano.a(lib_a-errno.o)
 .ARM.attributes
                0x0000000000000000       0x2d c:/st/stm32cubeide_1.6.1/stm32cubeide/plugins/com.st.stm32cube.ide.mcu.externaltools.gnu-tools-for-stm32.9-2020-q2-update.win32_1.5.0.202011040924/tools/bin/../lib/gcc/arm-none-eabi/9.3.1/../../../../arm-none-eabi/lib/thumb/v7-m/nofp\libc_nano.a(lib_a-errno.o)
 .text          0x0000000000000000        0x0 c:/st/stm32cubeide_1.6.1/stm32cubeide/plugins/com.st.stm32cube.ide.mcu.externaltools.gnu-tools-for-stm32.9-2020-q2-update.win32_1.5.0.202011040924/tools/bin/../lib/gcc/arm-none-eabi/9.3.1/../../../../arm-none-eabi/lib/thumb/v7-m/nofp\libc_nano.a(lib_a-exit.o)
 .data          0x0000000000000000        0x0 c:/st/stm32cubeide_1.6.1/stm32cubeide/plugins/com.st.stm32cube.ide.mcu.externaltools.gnu-tools-for-stm32.9-2020-q2-update.win32_1.5.0.202011040924/tools/bin/../lib/gcc/arm-none-eabi/9.3.1/../../../../arm-none-eabi/lib/thumb/v7-m/nofp\libc_nano.a(lib_a-exit.o)
 .bss           0x0000000000000000        0x0 c:/st/stm32cubeide_1.6.1/stm32cubeide/plugins/com.st.stm32cube.ide.mcu.externaltools.gnu-tools-for-stm32.9-2020-q2-update.win32_1.5.0.202011040924/tools/bin/../lib/gcc/arm-none-eabi/9.3.1/../../../../arm-none-eabi/lib/thumb/v7-m/nofp\libc_nano.a(lib_a-exit.o)
 .text.exit     0x0000000000000000       0x28 c:/st/stm32cubeide_1.6.1/stm32cubeide/plugins/com.st.stm32cube.ide.mcu.externaltools.gnu-tools-for-stm32.9-2020-q2-update.win32_1.5.0.202011040924/tools/bin/../lib/gcc/arm-none-eabi/9.3.1/../../../../arm-none-eabi/lib/thumb/v7-m/nofp\libc_nano.a(lib_a-exit.o)
 .debug_frame   0x0000000000000000       0x28 c:/st/stm32cubeide_1.6.1/stm32cubeide/plugins/com.st.stm32cube.ide.mcu.externaltools.gnu-tools-for-stm32.9-2020-q2-update.win32_1.5.0.202011040924/tools/bin/../lib/gcc/arm-none-eabi/9.3.1/../../../../arm-none-eabi/lib/thumb/v7-m/nofp\libc_nano.a(lib_a-exit.o)
 .ARM.attributes
                0x0000000000000000       0x2d c:/st/stm32cubeide_1.6.1/stm32cubeide/plugins/com.st.stm32cube.ide.mcu.externaltools.gnu-tools-for-stm32.9-2020-q2-update.win32_1.5.0.202011040924/tools/bin/../lib/gcc/arm-none-eabi/9.3.1/../../../../arm-none-eabi/lib/thumb/v7-m/nofp\libc_nano.a(lib_a-exit.o)
 .text          0x0000000000000000        0x0 c:/st/stm32cubeide_1.6.1/stm32cubeide/plugins/com.st.stm32cube.ide.mcu.externaltools.gnu-tools-for-stm32.9-2020-q2-update.win32_1.5.0.202011040924/tools/bin/../lib/gcc/arm-none-eabi/9.3.1/../../../../arm-none-eabi/lib/thumb/v7-m/nofp\libc_nano.a(lib_a-impure.o)
 .data          0x0000000000000000        0x0 c:/st/stm32cubeide_1.6.1/stm32cubeide/plugins/com.st.stm32cube.ide.mcu.externaltools.gnu-tools-for-stm32.9-2020-q2-update.win32_1.5.0.202011040924/tools/bin/../lib/gcc/arm-none-eabi/9.3.1/../../../../arm-none-eabi/lib/thumb/v7-m/nofp\libc_nano.a(lib_a-impure.o)
 .bss           0x0000000000000000        0x0 c:/st/stm32cubeide_1.6.1/stm32cubeide/plugins/com.st.stm32cube.ide.mcu.externaltools.gnu-tools-for-stm32.9-2020-q2-update.win32_1.5.0.202011040924/tools/bin/../lib/gcc/arm-none-eabi/9.3.1/../../../../arm-none-eabi/lib/thumb/v7-m/nofp\libc_nano.a(lib_a-impure.o)
 .data._impure_ptr
                0x0000000000000000        0x4 c:/st/stm32cubeide_1.6.1/stm32cubeide/plugins/com.st.stm32cube.ide.mcu.externaltools.gnu-tools-for-stm32.9-2020-q2-update.win32_1.5.0.202011040924/tools/bin/../lib/gcc/arm-none-eabi/9.3.1/../../../../arm-none-eabi/lib/thumb/v7-m/nofp\libc_nano.a(lib_a-impure.o)
 .data.impure_data
                0x0000000000000000       0x60 c:/st/stm32cubeide_1.6.1/stm32cubeide/plugins/com.st.stm32cube.ide.mcu.externaltools.gnu-tools-for-stm32.9-2020-q2-update.win32_1.5.0.202011040924/tools/bin/../lib/gcc/arm-none-eabi/9.3.1/../../../../arm-none-eabi/lib/thumb/v7-m/nofp\libc_nano.a(lib_a-impure.o)
 .rodata._global_impure_ptr
                0x0000000000000000        0x4 c:/st/stm32cubeide_1.6.1/stm32cubeide/plugins/com.st.stm32cube.ide.mcu.externaltools.gnu-tools-for-stm32.9-2020-q2-update.win32_1.5.0.202011040924/tools/bin/../lib/gcc/arm-none-eabi/9.3.1/../../../../arm-none-eabi/lib/thumb/v7-m/nofp\libc_nano.a(lib_a-impure.o)
 .ARM.attributes
                0x0000000000000000       0x2d c:/st/stm32cubeide_1.6.1/stm32cubeide/plugins/com.st.stm32cube.ide.mcu.externaltools.gnu-tools-for-stm32.9-2020-q2-update.win32_1.5.0.202011040924/tools/bin/../lib/gcc/arm-none-eabi/9.3.1/../../../../arm-none-eabi/lib/thumb/v7-m/nofp\libc_nano.a(lib_a-impure.o)
 .text          0x0000000000000000        0x0 c:/st/stm32cubeide_1.6.1/stm32cubeide/plugins/com.st.stm32cube.ide.mcu.externaltools.gnu-tools-for-stm32.9-2020-q2-update.win32_1.5.0.202011040924/tools/bin/../lib/gcc/arm-none-eabi/9.3.1/../../../../arm-none-eabi/lib/thumb/v7-m/nofp\libc_nano.a(lib_a-init.o)
 .data          0x0000000000000000        0x0 c:/st/stm32cubeide_1.6.1/stm32cubeide/plugins/com.st.stm32cube.ide.mcu.externaltools.gnu-tools-for-stm32.9-2020-q2-update.win32_1.5.0.202011040924/tools/bin/../lib/gcc/arm-none-eabi/9.3.1/../../../../arm-none-eabi/lib/thumb/v7-m/nofp\libc_nano.a(lib_a-init.o)
 .bss           0x0000000000000000        0x0 c:/st/stm32cubeide_1.6.1/stm32cubeide/plugins/com.st.stm32cube.ide.mcu.externaltools.gnu-tools-for-stm32.9-2020-q2-update.win32_1.5.0.202011040924/tools/bin/../lib/gcc/arm-none-eabi/9.3.1/../../../../arm-none-eabi/lib/thumb/v7-m/nofp\libc_nano.a(lib_a-init.o)
 .text          0x0000000000000000        0x0 c:/st/stm32cubeide_1.6.1/stm32cubeide/plugins/com.st.stm32cube.ide.mcu.externaltools.gnu-tools-for-stm32.9-2020-q2-update.win32_1.5.0.202011040924/tools/bin/../lib/gcc/arm-none-eabi/9.3.1/../../../../arm-none-eabi/lib/thumb/v7-m/nofp\libc_nano.a(lib_a-memset.o)
 .data          0x0000000000000000        0x0 c:/st/stm32cubeide_1.6.1/stm32cubeide/plugins/com.st.stm32cube.ide.mcu.externaltools.gnu-tools-for-stm32.9-2020-q2-update.win32_1.5.0.202011040924/tools/bin/../lib/gcc/arm-none-eabi/9.3.1/../../../../arm-none-eabi/lib/thumb/v7-m/nofp\libc_nano.a(lib_a-memset.o)
 .bss           0x0000000000000000        0x0 c:/st/stm32cubeide_1.6.1/stm32cubeide/plugins/com.st.stm32cube.ide.mcu.externaltools.gnu-tools-for-stm32.9-2020-q2-update.win32_1.5.0.202011040924/tools/bin/../lib/gcc/arm-none-eabi/9.3.1/../../../../arm-none-eabi/lib/thumb/v7-m/nofp\libc_nano.a(lib_a-memset.o)
 .text          0x0000000000000000        0x0 c:/st/stm32cubeide_1.6.1/stm32cubeide/plugins/com.st.stm32cube.ide.mcu.externaltools.gnu-tools-for-stm32.9-2020-q2-update.win32_1.5.0.202011040924/tools/bin/../lib/gcc/arm-none-eabi/9.3.1/thumb/v7-m/nofp/crtend.o
 .data          0x0000000000000000        0x0 c:/st/stm32cubeide_1.6.1/stm32cubeide/plugins/com.st.stm32cube.ide.mcu.externaltools.gnu-tools-for-stm32.9-2020-q2-update.win32_1.5.0.202011040924/tools/bin/../lib/gcc/arm-none-eabi/9.3.1/thumb/v7-m/nofp/crtend.o
 .bss           0x0000000000000000        0x0 c:/st/stm32cubeide_1.6.1/stm32cubeide/plugins/com.st.stm32cube.ide.mcu.externaltools.gnu-tools-for-stm32.9-2020-q2-update.win32_1.5.0.202011040924/tools/bin/../lib/gcc/arm-none-eabi/9.3.1/thumb/v7-m/nofp/crtend.o
 .eh_frame      0x0000000000000000        0x4 c:/st/stm32cubeide_1.6.1/stm32cubeide/plugins/com.st.stm32cube.ide.mcu.externaltools.gnu-tools-for-stm32.9-2020-q2-update.win32_1.5.0.202011040924/tools/bin/../lib/gcc/arm-none-eabi/9.3.1/thumb/v7-m/nofp/crtend.o
 .ARM.attributes
                0x0000000000000000       0x2d c:/st/stm32cubeide_1.6.1/stm32cubeide/plugins/com.st.stm32cube.ide.mcu.externaltools.gnu-tools-for-stm32.9-2020-q2-update.win32_1.5.0.202011040924/tools/bin/../lib/gcc/arm-none-eabi/9.3.1/thumb/v7-m/nofp/crtend.o
 .text          0x0000000000000000        0x0 c:/st/stm32cubeide_1.6.1/stm32cubeide/plugins/com.st.stm32cube.ide.mcu.externaltools.gnu-tools-for-stm32.9-2020-q2-update.win32_1.5.0.202011040924/tools/bin/../lib/gcc/arm-none-eabi/9.3.1/thumb/v7-m/nofp/crtn.o
 .data          0x0000000000000000        0x0 c:/st/stm32cubeide_1.6.1/stm32cubeide/plugins/com.st.stm32cube.ide.mcu.externaltools.gnu-tools-for-stm32.9-2020-q2-update.win32_1.5.0.202011040924/tools/bin/../lib/gcc/arm-none-eabi/9.3.1/thumb/v7-m/nofp/crtn.o
 .bss           0x0000000000000000        0x0 c:/st/stm32cubeide_1.6.1/stm32cubeide/plugins/com.st.stm32cube.ide.mcu.externaltools.gnu-tools-for-stm32.9-2020-q2-update.win32_1.5.0.202011040924/tools/bin/../lib/gcc/arm-none-eabi/9.3.1/thumb/v7-m/nofp/crtn.o

Memory Configuration

Name             Origin             Length             Attributes
RAM              0x0000000020000000 0x0000000000020000 xrw
FLASH            0x0000000008000000 0x0000000000100000 xr
*default*        0x0000000000000000 0xffffffffffffffff

Linker script and memory map

LOAD c:/st/stm32cubeide_1.6.1/stm32cubeide/plugins/com.st.stm32cube.ide.mcu.externaltools.gnu-tools-for-stm32.9-2020-q2-update.win32_1.5.0.202011040924/tools/bin/../lib/gcc/arm-none-eabi/9.3.1/thumb/v7-m/nofp/crti.o
LOAD c:/st/stm32cubeide_1.6.1/stm32cubeide/plugins/com.st.stm32cube.ide.mcu.externaltools.gnu-tools-for-stm32.9-2020-q2-update.win32_1.5.0.202011040924/tools/bin/../lib/gcc/arm-none-eabi/9.3.1/thumb/v7-m/nofp/crtbegin.o
LOAD c:/st/stm32cubeide_1.6.1/stm32cubeide/plugins/com.st.stm32cube.ide.mcu.externaltools.gnu-tools-for-stm32.9-2020-q2-update.win32_1.5.0.202011040924/tools/bin/../lib/gcc/arm-none-eabi/9.3.1/../../../../arm-none-eabi/lib/thumb/v7-m/nofp/crt0.o
LOAD Src/SPI_driver.o
LOAD Src/gpio_driver.o
LOAD Src/i2c_int_handler.o
LOAD Src/i2s_driver.o
LOAD Src/main.o
LOAD Src/syscalls.o
LOAD Src/sysmem.o
LOAD Src/uart_driver.o
LOAD Startup/startup_stm32f207ighx.o
START GROUP
LOAD c:/st/stm32cubeide_1.6.1/stm32cubeide/plugins/com.st.stm32cube.ide.mcu.externaltools.gnu-tools-for-stm32.9-2020-q2-update.win32_1.5.0.202011040924/tools/bin/../lib/gcc/arm-none-eabi/9.3.1/../../../../arm-none-eabi/lib/thumb/v7-m/nofp\libc_nano.a
LOAD c:/st/stm32cubeide_1.6.1/stm32cubeide/plugins/com.st.stm32cube.ide.mcu.externaltools.gnu-tools-for-stm32.9-2020-q2-update.win32_1.5.0.202011040924/tools/bin/../lib/gcc/arm-none-eabi/9.3.1/../../../../arm-none-eabi/lib/thumb/v7-m/nofp\libm.a
END GROUP
START GROUP
LOAD c:/st/stm32cubeide_1.6.1/stm32cubeide/plugins/com.st.stm32cube.ide.mcu.externaltools.gnu-tools-for-stm32.9-2020-q2-update.win32_1.5.0.202011040924/tools/bin/../lib/gcc/arm-none-eabi/9.3.1/thumb/v7-m/nofp\libgcc.a
LOAD c:/st/stm32cubeide_1.6.1/stm32cubeide/plugins/com.st.stm32cube.ide.mcu.externaltools.gnu-tools-for-stm32.9-2020-q2-update.win32_1.5.0.202011040924/tools/bin/../lib/gcc/arm-none-eabi/9.3.1/../../../../arm-none-eabi/lib/thumb/v7-m/nofp\libc_nano.a
END GROUP
START GROUP
LOAD c:/st/stm32cubeide_1.6.1/stm32cubeide/plugins/com.st.stm32cube.ide.mcu.externaltools.gnu-tools-for-stm32.9-2020-q2-update.win32_1.5.0.202011040924/tools/bin/../lib/gcc/arm-none-eabi/9.3.1/thumb/v7-m/nofp\libgcc.a
LOAD c:/st/stm32cubeide_1.6.1/stm32cubeide/plugins/com.st.stm32cube.ide.mcu.externaltools.gnu-tools-for-stm32.9-2020-q2-update.win32_1.5.0.202011040924/tools/bin/../lib/gcc/arm-none-eabi/9.3.1/../../../../arm-none-eabi/lib/thumb/v7-m/nofp\libc_nano.a
LOAD c:/st/stm32cubeide_1.6.1/stm32cubeide/plugins/com.st.stm32cube.ide.mcu.externaltools.gnu-tools-for-stm32.9-2020-q2-update.win32_1.5.0.202011040924/tools/bin/../lib/gcc/arm-none-eabi/9.3.1/../../../../arm-none-eabi/lib/thumb/v7-m/nofp\libnosys.a
END GROUP
START GROUP
LOAD c:/st/stm32cubeide_1.6.1/stm32cubeide/plugins/com.st.stm32cube.ide.mcu.externaltools.gnu-tools-for-stm32.9-2020-q2-update.win32_1.5.0.202011040924/tools/bin/../lib/gcc/arm-none-eabi/9.3.1/thumb/v7-m/nofp\libgcc.a
LOAD c:/st/stm32cubeide_1.6.1/stm32cubeide/plugins/com.st.stm32cube.ide.mcu.externaltools.gnu-tools-for-stm32.9-2020-q2-update.win32_1.5.0.202011040924/tools/bin/../lib/gcc/arm-none-eabi/9.3.1/../../../../arm-none-eabi/lib/thumb/v7-m/nofp\libc_nano.a
LOAD c:/st/stm32cubeide_1.6.1/stm32cubeide/plugins/com.st.stm32cube.ide.mcu.externaltools.gnu-tools-for-stm32.9-2020-q2-update.win32_1.5.0.202011040924/tools/bin/../lib/gcc/arm-none-eabi/9.3.1/../../../../arm-none-eabi/lib/thumb/v7-m/nofp\libnosys.a
END GROUP
LOAD c:/st/stm32cubeide_1.6.1/stm32cubeide/plugins/com.st.stm32cube.ide.mcu.externaltools.gnu-tools-for-stm32.9-2020-q2-update.win32_1.5.0.202011040924/tools/bin/../lib/gcc/arm-none-eabi/9.3.1/thumb/v7-m/nofp/crtend.o
LOAD c:/st/stm32cubeide_1.6.1/stm32cubeide/plugins/com.st.stm32cube.ide.mcu.externaltools.gnu-tools-for-stm32.9-2020-q2-update.win32_1.5.0.202011040924/tools/bin/../lib/gcc/arm-none-eabi/9.3.1/thumb/v7-m/nofp/crtn.o
                0x0000000020020000                _estack = (ORIGIN (RAM) + LENGTH (RAM))
                0x0000000000000200                _Min_Heap_Size = 0x200
                0x0000000000000400                _Min_Stack_Size = 0x400

.isr_vector     0x0000000008000000      0x184
                0x0000000008000000                . = ALIGN (0x4)
 *(.isr_vector)
 .isr_vector    0x0000000008000000      0x184 Startup/startup_stm32f207ighx.o
                0x0000000008000000                g_pfnVectors
                0x0000000008000184                . = ALIGN (0x4)

.text           0x0000000008000184     0x1bec
                0x0000000008000184                . = ALIGN (0x4)
 *(.text)
 .text          0x0000000008000184       0x40 c:/st/stm32cubeide_1.6.1/stm32cubeide/plugins/com.st.stm32cube.ide.mcu.externaltools.gnu-tools-for-stm32.9-2020-q2-update.win32_1.5.0.202011040924/tools/bin/../lib/gcc/arm-none-eabi/9.3.1/thumb/v7-m/nofp/crtbegin.o
 *(.text*)
 .text.hal_spi_configure_phase_and_polarity
                0x00000000080001c4       0x56 Src/SPI_driver.o
                0x00000000080001c4                hal_spi_configure_phase_and_polarity
 .text.hal_spi_configure_device_mode
                0x000000000800021a       0x34 Src/SPI_driver.o
                0x000000000800021a                hal_spi_configure_device_mode
 .text.hal_spi_configure_datasize
                0x000000000800024e       0x56 Src/SPI_driver.o
                0x000000000800024e                hal_spi_configure_datasize
 .text.hal_spi_configure_nss_master
                0x00000000080002a4       0x40 Src/SPI_driver.o
                0x00000000080002a4                hal_spi_configure_nss_master
 .text.hal_spi_configure_nss_slave
                0x00000000080002e4       0x34 Src/SPI_driver.o
                0x00000000080002e4                hal_spi_configure_nss_slave
 .text.hal_spi_configure_baudrate
                0x0000000008000318       0x32 Src/SPI_driver.o
                0x0000000008000318                hal_spi_configure_baudrate
 .text.hal_spi_configure_direction
                0x000000000800034a       0x34 Src/SPI_driver.o
                0x000000000800034a                hal_spi_configure_direction
 .text.hal_spi_disable_txe_interrupt
                0x000000000800037e       0x1e Src/SPI_driver.o
 .text.hal_spi_disable_rxne_interrupt
                0x000000000800039c       0x1e Src/SPI_driver.o
 .text.hal_spi_init
                0x00000000080003ba       0x8e Src/SPI_driver.o
                0x00000000080003ba                hal_spi_init
 .text.hal_spi_is_bus_busy
                0x0000000008000448       0x24 Src/SPI_driver.o
                0x0000000008000448                hal_spi_is_bus_busy
 .text.hal_spi_tx_close_interrupt
                0x000000000800046c       0x34 Src/SPI_driver.o
 .text.hal_spi_handle_tx_interrupt
                0x00000000080004a0       0x68 Src/SPI_driver.o
                0x00000000080004a0                hal_spi_handle_tx_interrupt
 .text.hal_spi_close_rx_interrupt
                0x0000000008000508       0x34 Src/SPI_driver.o
 .text.hal_spi_handle_rx_interrupt
                0x000000000800053c       0x74 Src/SPI_driver.o
 .text.hal_spi_irq_handler
                0x00000000080005b0       0x6e Src/SPI_driver.o
                0x00000000080005b0                hal_spi_irq_handler
 *fill*         0x000000000800061e        0x2 
 .text.__NVIC_EnableIRQ
                0x0000000008000620       0x38 Src/gpio_driver.o
 .text.hal_gpio_configure_pin_mode
                0x0000000008000658       0x42 Src/gpio_driver.o
 .text.hal_gpio_configure_pin_otype
                0x000000000800069a       0x2a Src/gpio_driver.o
 .text.hal_gpio_configure_pin_speed
                0x00000000080006c4       0x2c Src/gpio_driver.o
 .text.hal_gpio_configure_pin_resistor
                0x00000000080006f0       0x2c Src/gpio_driver.o
 .text.hal_gpio_set_alt_function
                0x000000000800071c       0x4e Src/gpio_driver.o
                0x000000000800071c                hal_gpio_set_alt_function
 .text.hal_gpio_read_from_pin
                0x000000000800076a       0x28 Src/gpio_driver.o
                0x000000000800076a                hal_gpio_read_from_pin
 .text.hal_gpio_write_to_pin
                0x0000000008000792       0x48 Src/gpio_driver.o
                0x0000000008000792                hal_gpio_write_to_pin
 .text.hal_gpio_init
                0x00000000080007da       0x5a Src/gpio_driver.o
                0x00000000080007da                hal_gpio_init
 .text.hal_gpio_configure_interrupt
                0x0000000008000834       0x8c Src/gpio_driver.o
                0x0000000008000834                hal_gpio_configure_interrupt
 .text.hal_gpio_enable_interrupt
                0x00000000080008c0       0x3c Src/gpio_driver.o
                0x00000000080008c0                hal_gpio_enable_interrupt
 .text.hal_gpio_clear_interrupt
                0x00000000080008fc       0x40 Src/gpio_driver.o
                0x00000000080008fc                hal_gpio_clear_interrupt
 .text.I2C_MasterTransmit_TXE
                0x000000000800093c       0x46 Src/i2c_int_handler.o
 .text.HAL_I2C_MemTxCpltCallback
                0x0000000008000982       0x12 Src/i2c_int_handler.o
                0x0000000008000982                HAL_I2C_MemTxCpltCallback
 .text.HAL_I2C_MasterTxCpltCallback
                0x0000000008000994       0x12 Src/i2c_int_handler.o
                0x0000000008000994                HAL_I2C_MasterTxCpltCallback
 .text.HAL_I2C_MemRxCpltCallback
                0x00000000080009a6       0x12 Src/i2c_int_handler.o
                0x00000000080009a6                HAL_I2C_MemRxCpltCallback
 .text.HAL_I2C_SlaveRxCpltCallback
                0x00000000080009b8       0x12 Src/i2c_int_handler.o
                0x00000000080009b8                HAL_I2C_SlaveRxCpltCallback
 .text.HAL_I2C_SlaveTxCpltCallback
                0x00000000080009ca       0x12 Src/i2c_int_handler.o
                0x00000000080009ca                HAL_I2C_SlaveTxCpltCallback
 .text.HAL_I2C_MasterRxCpltCallback
                0x00000000080009dc       0x12 Src/i2c_int_handler.o
                0x00000000080009dc                HAL_I2C_MasterRxCpltCallback
 .text.I2C_MasterTransmit_BTF
                0x00000000080009ee       0x9e Src/i2c_int_handler.o
 .text.I2C_MasterReceive_BTF
                0x0000000008000a8c      0x104 Src/i2c_int_handler.o
 .text.I2C_Slave_ADDR
                0x0000000008000b90       0x22 Src/i2c_int_handler.o
 .text.hal_clear_stop_flag
                0x0000000008000bb2       0x2a Src/i2c_int_handler.o
                0x0000000008000bb2                hal_clear_stop_flag
 .text.I2C_Slave_STOPF
                0x0000000008000bdc       0x64 Src/i2c_int_handler.o
 .text.I2C_Slave_AF
                0x0000000008000c40       0x6e Src/i2c_int_handler.o
 .text.I2C_SlaveTransmit_TXE
                0x0000000008000cae       0x36 Src/i2c_int_handler.o
 .text.I2C_SlaveTransmit_BTF
                0x0000000008000ce4       0x36 Src/i2c_int_handler.o
 .text.I2C_MasterReceive_RXNE
                0x0000000008000d1a       0xd4 Src/i2c_int_handler.o
 .text.I2C_SlaveReceive_BTF
                0x0000000008000dee       0x38 Src/i2c_int_handler.o
 .text.I2C_SlaveReceive_RXNE
                0x0000000008000e26       0x38 Src/i2c_int_handler.o
 *fill*         0x0000000008000e5e        0x2 
 .text.HAL_I2C_EV_IRQHandler
                0x0000000008000e60      0x228 Src/i2c_int_handler.o
                0x0000000008000e60                HAL_I2C_EV_IRQHandler
 .text.HAL_I2C_ErrorCallback
                0x0000000008001088       0x34 Src/i2c_int_handler.o
                0x0000000008001088                HAL_I2C_ErrorCallback
 .text.HAL_I2C_ER_IRQHandler
                0x00000000080010bc      0x176 Src/i2c_int_handler.o
                0x00000000080010bc                HAL_I2C_ER_IRQHandler
 .text.hal_i2c_enable_peripheral
                0x0000000008001232       0x1e Src/i2s_driver.o
                0x0000000008001232                hal_i2c_enable_peripheral
 .text.hal_i2c_set_own_address1
                0x0000000008001250       0x2e Src/i2s_driver.o
 .text.hal_i2c_manage_clock_stretch
                0x000000000800127e       0x34 Src/i2s_driver.o
 *fill*         0x00000000080012b2        0x2 
 .text.hal_i2c_configure_ccr
                0x00000000080012b4       0x84 Src/i2s_driver.o
 .text.hal_i2c_rise_time_configuration
                0x0000000008001338       0x5c Src/i2s_driver.o
 .text.hal_i2c_clk_init
                0x0000000008001394       0x4a Src/i2s_driver.o
 .text.hal_i2c_set_addressing_mode
                0x00000000080013de       0x34 Src/i2s_driver.o
 .text.hal_i2c_manage_ack
                0x0000000008001412       0x34 Src/i2s_driver.o
                0x0000000008001412                hal_i2c_manage_ack
 .text.hal_i2c_generate_start_condition
                0x0000000008001446       0x1e Src/i2s_driver.o
 .text.hal_i2c_configure_tx_rx_interrupt
                0x0000000008001464       0x34 Src/i2s_driver.o
 .text.hal_i2c_configure_error_interrupt
                0x0000000008001498       0x34 Src/i2s_driver.o
 .text.hal_i2c_configure_evt_interrupt
                0x00000000080014cc       0x34 Src/i2s_driver.o
 .text.i2c_bus_busy
                0x0000000008001500       0x24 Src/i2s_driver.o
 .text.i2c_wait_untill_sb_set
                0x0000000008001524       0x24 Src/i2s_driver.o
 .text.i2c_wait_untill_addr_set
                0x0000000008001548       0x24 Src/i2s_driver.o
 .text.hal_i2c_init
                0x000000000800156c       0x62 Src/i2s_driver.o
                0x000000000800156c                hal_i2c_init
 .text.hal_i2c_send_addr_first
                0x00000000080015ce       0x1c Src/i2s_driver.o
                0x00000000080015ce                hal_i2c_send_addr_first
 .text.clear_addr_flag
                0x00000000080015ea       0x1e Src/i2s_driver.o
                0x00000000080015ea                clear_addr_flag
 .text.hal_i2c_master_tx
                0x0000000008001608       0xc8 Src/i2s_driver.o
                0x0000000008001608                hal_i2c_master_tx
 .text.hal_i2c_master_rx
                0x00000000080016d0       0xd8 Src/i2s_driver.o
                0x00000000080016d0                hal_i2c_master_rx
 .text.__NVIC_EnableIRQ
                0x00000000080017a8       0x38 Src/main.o
 .text.main     0x00000000080017e0      0x20c Src/main.o
                0x00000000080017e0                main
 .text.delay_gen
                0x00000000080019ec       0x28 Src/main.o
                0x00000000080019ec                delay_gen
 .text.i2c_gpio_init
                0x0000000008001a14       0x64 Src/main.o
                0x0000000008001a14                i2c_gpio_init
 .text.led_init
                0x0000000008001a78       0x60 Src/main.o
                0x0000000008001a78                led_init
 .text.led_toggle
                0x0000000008001ad8       0x3e Src/main.o
                0x0000000008001ad8                led_toggle
 *fill*         0x0000000008001b16        0x2 
 .text.spi_gpio_init
                0x0000000008001b18       0x84 Src/main.o
                0x0000000008001b18                spi_gpio_init
 .text.button_init
                0x0000000008001b9c       0x78 Src/main.o
                0x0000000008001b9c                button_init
 .text.Buffercmp
                0x0000000008001c14       0x42 Src/main.o
 *fill*         0x0000000008001c56        0x2 
 .text.EXTI15_10_IRQHandler
                0x0000000008001c58       0x18 Src/main.o
                0x0000000008001c58                EXTI15_10_IRQHandler
 .text.I2C2_EV_IRQHandler
                0x0000000008001c70       0x14 Src/main.o
                0x0000000008001c70                I2C2_EV_IRQHandler
 .text.I2C2_ER_IRQHandler
                0x0000000008001c84       0x14 Src/main.o
                0x0000000008001c84                I2C2_ER_IRQHandler
 .text.SPI2_IRQHandler
                0x0000000008001c98       0x14 Src/main.o
                0x0000000008001c98                SPI2_IRQHandler
 .text.Reset_Handler
                0x0000000008001cac       0x50 Startup/startup_stm32f207ighx.o
                0x0000000008001cac                Reset_Handler
 .text.Default_Handler
                0x0000000008001cfc        0x2 Startup/startup_stm32f207ighx.o
                0x0000000008001cfc                RTC_Alarm_IRQHandler
                0x0000000008001cfc                HASH_RNG_IRQHandler
                0x0000000008001cfc                EXTI2_IRQHandler
                0x0000000008001cfc                TIM8_CC_IRQHandler
                0x0000000008001cfc                DebugMon_Handler
                0x0000000008001cfc                TIM1_CC_IRQHandler
                0x0000000008001cfc                DMA2_Stream5_IRQHandler
                0x0000000008001cfc                HardFault_Handler
                0x0000000008001cfc                DMA1_Stream5_IRQHandler
                0x0000000008001cfc                SysTick_Handler
                0x0000000008001cfc                PVD_IRQHandler
                0x0000000008001cfc                SDIO_IRQHandler
                0x0000000008001cfc                TAMP_STAMP_IRQHandler
                0x0000000008001cfc                PendSV_Handler
                0x0000000008001cfc                NMI_Handler
                0x0000000008001cfc                CAN2_RX1_IRQHandler
                0x0000000008001cfc                EXTI3_IRQHandler
                0x0000000008001cfc                TIM8_TRG_COM_TIM14_IRQHandler
                0x0000000008001cfc                TIM1_UP_TIM10_IRQHandler
                0x0000000008001cfc                TIM8_UP_TIM13_IRQHandler
                0x0000000008001cfc                I2C3_ER_IRQHandler
                0x0000000008001cfc                EXTI0_IRQHandler
                0x0000000008001cfc                DMA1_Stream2_IRQHandler
                0x0000000008001cfc                CAN1_RX0_IRQHandler
                0x0000000008001cfc                OTG_HS_WKUP_IRQHandler
                0x0000000008001cfc                UsageFault_Handler
                0x0000000008001cfc                CAN2_SCE_IRQHandler
                0x0000000008001cfc                DMA2_Stream2_IRQHandler
                0x0000000008001cfc                SPI1_IRQHandler
                0x0000000008001cfc                TIM6_DAC_IRQHandler
                0x0000000008001cfc                TIM1_BRK_TIM9_IRQHandler
                0x0000000008001cfc                DCMI_IRQHandler
                0x0000000008001cfc                CAN2_RX0_IRQHandler
                0x0000000008001cfc                DMA2_Stream3_IRQHandler
                0x0000000008001cfc                USART6_IRQHandler
                0x0000000008001cfc                USART3_IRQHandler
                0x0000000008001cfc                CRYP_IRQHandler
                0x0000000008001cfc                CAN1_RX1_IRQHandler
                0x0000000008001cfc                UART5_IRQHandler
                0x0000000008001cfc                DMA2_Stream0_IRQHandler
                0x0000000008001cfc                TIM4_IRQHandler
                0x0000000008001cfc                I2C1_EV_IRQHandler
                0x0000000008001cfc                DMA1_Stream6_IRQHandler
                0x0000000008001cfc                DMA1_Stream1_IRQHandler
                0x0000000008001cfc                UART4_IRQHandler
                0x0000000008001cfc                TIM3_IRQHandler
                0x0000000008001cfc                RCC_IRQHandler
                0x0000000008001cfc                TIM8_BRK_TIM12_IRQHandler
                0x0000000008001cfc                Default_Handler
                0x0000000008001cfc                ADC_IRQHandler
                0x0000000008001cfc                DMA1_Stream7_IRQHandler
                0x0000000008001cfc                TIM7_IRQHandler
                0x0000000008001cfc                CAN2_TX_IRQHandler
                0x0000000008001cfc                TIM5_IRQHandler
                0x0000000008001cfc                DMA2_Stream7_IRQHandler
                0x0000000008001cfc                I2C3_EV_IRQHandler
                0x0000000008001cfc                EXTI9_5_IRQHandler
                0x0000000008001cfc                RTC_WKUP_IRQHandler
                0x0000000008001cfc                ETH_WKUP_IRQHandler
                0x0000000008001cfc                OTG_HS_EP1_IN_IRQHandler
                0x0000000008001cfc                MemManage_Handler
                0x0000000008001cfc                DMA1_Stream0_IRQHandler
                0x0000000008001cfc                CAN1_TX_IRQHandler
                0x0000000008001cfc                SVC_Handler
                0x0000000008001cfc                EXTI4_IRQHandler
                0x0000000008001cfc                FSMC_IRQHandler
                0x0000000008001cfc                ETH_IRQHandler
                0x0000000008001cfc                OTG_HS_EP1_OUT_IRQHandler
                0x0000000008001cfc                WWDG_IRQHandler
                0x0000000008001cfc                TIM2_IRQHandler
                0x0000000008001cfc                OTG_FS_WKUP_IRQHandler
                0x0000000008001cfc                TIM1_TRG_COM_TIM11_IRQHandler
                0x0000000008001cfc                OTG_HS_IRQHandler
                0x0000000008001cfc                EXTI1_IRQHandler
                0x0000000008001cfc                USART2_IRQHandler
                0x0000000008001cfc                DMA2_Stream1_IRQHandler
                0x0000000008001cfc                CAN1_SCE_IRQHandler
                0x0000000008001cfc                FLASH_IRQHandler
                0x0000000008001cfc                DMA2_Stream4_IRQHandler
                0x0000000008001cfc                BusFault_Handler
                0x0000000008001cfc                USART1_IRQHandler
                0x0000000008001cfc                OTG_FS_IRQHandler
                0x0000000008001cfc                SPI3_IRQHandler
                0x0000000008001cfc                DMA1_Stream4_IRQHandler
                0x0000000008001cfc                I2C1_ER_IRQHandler
                0x0000000008001cfc                DMA2_Stream6_IRQHandler
                0x0000000008001cfc                DMA1_Stream3_IRQHandler
 *fill*         0x0000000008001cfe        0x2 
 .text.__libc_init_array
                0x0000000008001d00       0x48 c:/st/stm32cubeide_1.6.1/stm32cubeide/plugins/com.st.stm32cube.ide.mcu.externaltools.gnu-tools-for-stm32.9-2020-q2-update.win32_1.5.0.202011040924/tools/bin/../lib/gcc/arm-none-eabi/9.3.1/../../../../arm-none-eabi/lib/thumb/v7-m/nofp\libc_nano.a(lib_a-init.o)
                0x0000000008001d00                __libc_init_array
 .text.memset   0x0000000008001d48       0x10 c:/st/stm32cubeide_1.6.1/stm32cubeide/plugins/com.st.stm32cube.ide.mcu.externaltools.gnu-tools-for-stm32.9-2020-q2-update.win32_1.5.0.202011040924/tools/bin/../lib/gcc/arm-none-eabi/9.3.1/../../../../arm-none-eabi/lib/thumb/v7-m/nofp\libc_nano.a(lib_a-memset.o)
                0x0000000008001d48                memset
 *(.glue_7)
 .glue_7        0x0000000008001d58        0x0 linker stubs
 *(.glue_7t)
 .glue_7t       0x0000000008001d58        0x0 linker stubs
 *(.eh_frame)
 .eh_frame      0x0000000008001d58        0x0 c:/st/stm32cubeide_1.6.1/stm32cubeide/plugins/com.st.stm32cube.ide.mcu.externaltools.gnu-tools-for-stm32.9-2020-q2-update.win32_1.5.0.202011040924/tools/bin/../lib/gcc/arm-none-eabi/9.3.1/thumb/v7-m/nofp/crtbegin.o
 *(.init)
 .init          0x0000000008001d58        0x4 c:/st/stm32cubeide_1.6.1/stm32cubeide/plugins/com.st.stm32cube.ide.mcu.externaltools.gnu-tools-for-stm32.9-2020-q2-update.win32_1.5.0.202011040924/tools/bin/../lib/gcc/arm-none-eabi/9.3.1/thumb/v7-m/nofp/crti.o
                0x0000000008001d58                _init
 .init          0x0000000008001d5c        0x8 c:/st/stm32cubeide_1.6.1/stm32cubeide/plugins/com.st.stm32cube.ide.mcu.externaltools.gnu-tools-for-stm32.9-2020-q2-update.win32_1.5.0.202011040924/tools/bin/../lib/gcc/arm-none-eabi/9.3.1/thumb/v7-m/nofp/crtn.o
 *(.fini)
 .fini          0x0000000008001d64        0x4 c:/st/stm32cubeide_1.6.1/stm32cubeide/plugins/com.st.stm32cube.ide.mcu.externaltools.gnu-tools-for-stm32.9-2020-q2-update.win32_1.5.0.202011040924/tools/bin/../lib/gcc/arm-none-eabi/9.3.1/thumb/v7-m/nofp/crti.o
                0x0000000008001d64                _fini
 .fini          0x0000000008001d68        0x8 c:/st/stm32cubeide_1.6.1/stm32cubeide/plugins/com.st.stm32cube.ide.mcu.externaltools.gnu-tools-for-stm32.9-2020-q2-update.win32_1.5.0.202011040924/tools/bin/../lib/gcc/arm-none-eabi/9.3.1/thumb/v7-m/nofp/crtn.o
                0x0000000008001d70                . = ALIGN (0x4)
                0x0000000008001d70                _etext = .

.vfp11_veneer   0x0000000008001d70        0x0
 .vfp11_veneer  0x0000000008001d70        0x0 linker stubs

.v4_bx          0x0000000008001d70        0x0
 .v4_bx         0x0000000008001d70        0x0 linker stubs

.iplt           0x0000000008001d70        0x0
 .iplt          0x0000000008001d70        0x0 c:/st/stm32cubeide_1.6.1/stm32cubeide/plugins/com.st.stm32cube.ide.mcu.externaltools.gnu-tools-for-stm32.9-2020-q2-update.win32_1.5.0.202011040924/tools/bin/../lib/gcc/arm-none-eabi/9.3.1/thumb/v7-m/nofp/crtbegin.o

.rel.dyn        0x0000000008001d70        0x0
 .rel.iplt      0x0000000008001d70        0x0 c:/st/stm32cubeide_1.6.1/stm32cubeide/plugins/com.st.stm32cube.ide.mcu.externaltools.gnu-tools-for-stm32.9-2020-q2-update.win32_1.5.0.202011040924/tools/bin/../lib/gcc/arm-none-eabi/9.3.1/thumb/v7-m/nofp/crtbegin.o

.rodata         0x0000000008001d70        0x0
                0x0000000008001d70                . = ALIGN (0x4)
 *(.rodata)
 *(.rodata*)
                0x0000000008001d70                . = ALIGN (0x4)

.ARM.extab      0x0000000008001d70        0x0
                0x0000000008001d70                . = ALIGN (0x4)
 *(.ARM.extab* .gnu.linkonce.armextab.*)
                0x0000000008001d70                . = ALIGN (0x4)

.ARM            0x0000000008001d70        0x0
                0x0000000008001d70                . = ALIGN (0x4)
                0x0000000008001d70                __exidx_start = .
 *(.ARM.exidx*)
                0x0000000008001d70                __exidx_end = .
                0x0000000008001d70                . = ALIGN (0x4)

.preinit_array  0x0000000008001d70        0x0
                0x0000000008001d70                . = ALIGN (0x4)
                0x0000000008001d70                PROVIDE (__preinit_array_start = .)
 *(.preinit_array*)
                0x0000000008001d70                PROVIDE (__preinit_array_end = .)
                0x0000000008001d70                . = ALIGN (0x4)

.init_array     0x0000000008001d70        0x4
                0x0000000008001d70                . = ALIGN (0x4)
                0x0000000008001d70                PROVIDE (__init_array_start = .)
 *(SORT_BY_NAME(.init_array.*))
 *(.init_array*)
 .init_array    0x0000000008001d70        0x4 c:/st/stm32cubeide_1.6.1/stm32cubeide/plugins/com.st.stm32cube.ide.mcu.externaltools.gnu-tools-for-stm32.9-2020-q2-update.win32_1.5.0.202011040924/tools/bin/../lib/gcc/arm-none-eabi/9.3.1/thumb/v7-m/nofp/crtbegin.o
                0x0000000008001d74                PROVIDE (__init_array_end = .)
                0x0000000008001d74                . = ALIGN (0x4)

.fini_array     0x0000000008001d74        0x4
                0x0000000008001d74                . = ALIGN (0x4)
                [!provide]                        PROVIDE (__fini_array_start = .)
 *(SORT_BY_NAME(.fini_array.*))
 *(.fini_array*)
 .fini_array    0x0000000008001d74        0x4 c:/st/stm32cubeide_1.6.1/stm32cubeide/plugins/com.st.stm32cube.ide.mcu.externaltools.gnu-tools-for-stm32.9-2020-q2-update.win32_1.5.0.202011040924/tools/bin/../lib/gcc/arm-none-eabi/9.3.1/thumb/v7-m/nofp/crtbegin.o
                [!provide]                        PROVIDE (__fini_array_end = .)
                0x0000000008001d78                . = ALIGN (0x4)
                0x0000000008001d78                _sidata = LOADADDR (.data)

.data           0x0000000020000000       0x10 load address 0x0000000008001d78
                0x0000000020000000                . = ALIGN (0x4)
                0x0000000020000000                _sdata = .
 *(.data)
 *(.data*)
 .data.master_tx_buffer
                0x0000000020000000        0x5 Src/main.o
                0x0000000020000000                master_tx_buffer
 *fill*         0x0000000020000005        0x3 
 .data.slave_tx_buffer
                0x0000000020000008        0x5 Src/main.o
                0x0000000020000008                slave_tx_buffer
 *(.RamFunc)
 *(.RamFunc*)
                0x0000000020000010                . = ALIGN (0x4)
 *fill*         0x000000002000000d        0x3 
                0x0000000020000010                _edata = .

.igot.plt       0x0000000020000010        0x0 load address 0x0000000008001d88
 .igot.plt      0x0000000020000010        0x0 c:/st/stm32cubeide_1.6.1/stm32cubeide/plugins/com.st.stm32cube.ide.mcu.externaltools.gnu-tools-for-stm32.9-2020-q2-update.win32_1.5.0.202011040924/tools/bin/../lib/gcc/arm-none-eabi/9.3.1/thumb/v7-m/nofp/crtbegin.o
                0x0000000020000010                . = ALIGN (0x4)

.bss            0x0000000020000010       0xb4 load address 0x0000000008001d88
                0x0000000020000010                _sbss = .
                0x0000000020000010                __bss_start__ = _sbss
 *(.bss)
 .bss           0x0000000020000010       0x1c c:/st/stm32cubeide_1.6.1/stm32cubeide/plugins/com.st.stm32cube.ide.mcu.externaltools.gnu-tools-for-stm32.9-2020-q2-update.win32_1.5.0.202011040924/tools/bin/../lib/gcc/arm-none-eabi/9.3.1/thumb/v7-m/nofp/crtbegin.o
 *(.bss*)
 .bss.TestReady
                0x000000002000002c        0x4 Src/main.o
                0x000000002000002c                TestReady
 *(COMMON)
 COMMON         0x0000000020000030       0x91 Src/main.o
                0x0000000020000030                master_write_req
                0x0000000020000034                i2c_handle
                0x0000000020000074                master_rx_buffer
                0x0000000020000079                master_read_req
                0x000000002000007c                slave_rx_buffer
                0x0000000020000084                master_read_buffer
                0x0000000020000088                SpiHandle
                0x00000000200000c0                slave_rcv_cmd
                0x00000000200000c4                . = ALIGN (0x4)
 *fill*         0x00000000200000c1        0x3 
                0x00000000200000c4                _ebss = .
                0x00000000200000c4                __bss_end__ = _ebss

._user_heap_stack
                0x00000000200000c4      0x604 load address 0x0000000008001d88
                0x00000000200000c8                . = ALIGN (0x8)
 *fill*         0x00000000200000c4        0x4 
                [!provide]                        PROVIDE (end = .)
                0x00000000200000c8                PROVIDE (_end = .)
                0x00000000200002c8                . = (. + _Min_Heap_Size)
 *fill*         0x00000000200000c8      0x200 
                0x00000000200006c8                . = (. + _Min_Stack_Size)
 *fill*         0x00000000200002c8      0x400 
                0x00000000200006c8                . = ALIGN (0x8)

/DISCARD/
 libc.a(*)
 libm.a(*)
 libgcc.a(*)

.ARM.attributes
                0x0000000000000000       0x29
 *(.ARM.attributes)
 .ARM.attributes
                0x0000000000000000       0x1d c:/st/stm32cubeide_1.6.1/stm32cubeide/plugins/com.st.stm32cube.ide.mcu.externaltools.gnu-tools-for-stm32.9-2020-q2-update.win32_1.5.0.202011040924/tools/bin/../lib/gcc/arm-none-eabi/9.3.1/thumb/v7-m/nofp/crti.o
 .ARM.attributes
                0x000000000000001d       0x2d c:/st/stm32cubeide_1.6.1/stm32cubeide/plugins/com.st.stm32cube.ide.mcu.externaltools.gnu-tools-for-stm32.9-2020-q2-update.win32_1.5.0.202011040924/tools/bin/../lib/gcc/arm-none-eabi/9.3.1/thumb/v7-m/nofp/crtbegin.o
 .ARM.attributes
                0x000000000000004a       0x2d Src/SPI_driver.o
 .ARM.attributes
                0x0000000000000077       0x2d Src/gpio_driver.o
 .ARM.attributes
                0x00000000000000a4       0x2d Src/i2c_int_handler.o
 .ARM.attributes
                0x00000000000000d1       0x2d Src/i2s_driver.o
 .ARM.attributes
                0x00000000000000fe       0x2d Src/main.o
 .ARM.attributes
                0x000000000000012b       0x21 Startup/startup_stm32f207ighx.o
 .ARM.attributes
                0x000000000000014c       0x2d c:/st/stm32cubeide_1.6.1/stm32cubeide/plugins/com.st.stm32cube.ide.mcu.externaltools.gnu-tools-for-stm32.9-2020-q2-update.win32_1.5.0.202011040924/tools/bin/../lib/gcc/arm-none-eabi/9.3.1/../../../../arm-none-eabi/lib/thumb/v7-m/nofp\libc_nano.a(lib_a-init.o)
 .ARM.attributes
                0x0000000000000179       0x2d c:/st/stm32cubeide_1.6.1/stm32cubeide/plugins/com.st.stm32cube.ide.mcu.externaltools.gnu-tools-for-stm32.9-2020-q2-update.win32_1.5.0.202011040924/tools/bin/../lib/gcc/arm-none-eabi/9.3.1/../../../../arm-none-eabi/lib/thumb/v7-m/nofp\libc_nano.a(lib_a-memset.o)
 .ARM.attributes
                0x00000000000001a6       0x1d c:/st/stm32cubeide_1.6.1/stm32cubeide/plugins/com.st.stm32cube.ide.mcu.externaltools.gnu-tools-for-stm32.9-2020-q2-update.win32_1.5.0.202011040924/tools/bin/../lib/gcc/arm-none-eabi/9.3.1/thumb/v7-m/nofp/crtn.o
OUTPUT(My_HAL.elf elf32-littlearm)
LOAD linker stubs
LOAD c:/st/stm32cubeide_1.6.1/stm32cubeide/plugins/com.st.stm32cube.ide.mcu.externaltools.gnu-tools-for-stm32.9-2020-q2-update.win32_1.5.0.202011040924/tools/bin/../lib/gcc/arm-none-eabi/9.3.1/../../../../arm-none-eabi/lib/thumb/v7-m/nofp\libc.a
LOAD c:/st/stm32cubeide_1.6.1/stm32cubeide/plugins/com.st.stm32cube.ide.mcu.externaltools.gnu-tools-for-stm32.9-2020-q2-update.win32_1.5.0.202011040924/tools/bin/../lib/gcc/arm-none-eabi/9.3.1/../../../../arm-none-eabi/lib/thumb/v7-m/nofp\libm.a
LOAD c:/st/stm32cubeide_1.6.1/stm32cubeide/plugins/com.st.stm32cube.ide.mcu.externaltools.gnu-tools-for-stm32.9-2020-q2-update.win32_1.5.0.202011040924/tools/bin/../lib/gcc/arm-none-eabi/9.3.1/thumb/v7-m/nofp\libgcc.a

.debug_info     0x0000000000000000     0x39b6
 .debug_info    0x0000000000000000      0x85f Src/SPI_driver.o
 .debug_info    0x000000000000085f      0x90f Src/gpio_driver.o
 .debug_info    0x000000000000116e      0x796 Src/i2c_int_handler.o
 .debug_info    0x0000000000001904      0x8fb Src/i2s_driver.o
 .debug_info    0x00000000000021ff     0x1795 Src/main.o
 .debug_info    0x0000000000003994       0x22 Startup/startup_stm32f207ighx.o

.debug_abbrev   0x0000000000000000      0xbad
 .debug_abbrev  0x0000000000000000      0x251 Src/SPI_driver.o
 .debug_abbrev  0x0000000000000251      0x205 Src/gpio_driver.o
 .debug_abbrev  0x0000000000000456      0x214 Src/i2c_int_handler.o
 .debug_abbrev  0x000000000000066a      0x249 Src/i2s_driver.o
 .debug_abbrev  0x00000000000008b3      0x2e8 Src/main.o
 .debug_abbrev  0x0000000000000b9b       0x12 Startup/startup_stm32f207ighx.o

.debug_aranges  0x0000000000000000      0x3a0
 .debug_aranges
                0x0000000000000000       0xd8 Src/SPI_driver.o
 .debug_aranges
                0x00000000000000d8       0x78 Src/gpio_driver.o
 .debug_aranges
                0x0000000000000150       0xc0 Src/i2c_int_handler.o
 .debug_aranges
                0x0000000000000210       0xe0 Src/i2s_driver.o
 .debug_aranges
                0x00000000000002f0       0x88 Src/main.o
 .debug_aranges
                0x0000000000000378       0x28 Startup/startup_stm32f207ighx.o

.debug_ranges   0x0000000000000000      0x348
 .debug_ranges  0x0000000000000000       0xc8 Src/SPI_driver.o
 .debug_ranges  0x00000000000000c8       0x68 Src/gpio_driver.o
 .debug_ranges  0x0000000000000130       0xb0 Src/i2c_int_handler.o
 .debug_ranges  0x00000000000001e0       0xd0 Src/i2s_driver.o
 .debug_ranges  0x00000000000002b0       0x78 Src/main.o
 .debug_ranges  0x0000000000000328       0x20 Startup/startup_stm32f207ighx.o

.debug_macro    0x0000000000000000    0x185f8
 .debug_macro   0x0000000000000000       0xea Src/SPI_driver.o
 .debug_macro   0x00000000000000ea      0xaa2 Src/SPI_driver.o
 .debug_macro   0x0000000000000b8c       0x22 Src/SPI_driver.o
 .debug_macro   0x0000000000000bae       0x8e Src/SPI_driver.o
 .debug_macro   0x0000000000000c3c       0x51 Src/SPI_driver.o
 .debug_macro   0x0000000000000c8d      0x103 Src/SPI_driver.o
 .debug_macro   0x0000000000000d90       0x6a Src/SPI_driver.o
 .debug_macro   0x0000000000000dfa      0x1df Src/SPI_driver.o
 .debug_macro   0x0000000000000fd9       0x2e Src/SPI_driver.o
 .debug_macro   0x0000000000001007       0x22 Src/SPI_driver.o
 .debug_macro   0x0000000000001029       0x1c Src/SPI_driver.o
 .debug_macro   0x0000000000001045       0x22 Src/SPI_driver.o
 .debug_macro   0x0000000000001067       0xc3 Src/SPI_driver.o
 .debug_macro   0x000000000000112a      0xe49 Src/SPI_driver.o
 .debug_macro   0x0000000000001f73      0x11f Src/SPI_driver.o
 .debug_macro   0x0000000000002092    0x14fe1 Src/SPI_driver.o
 .debug_macro   0x0000000000017073       0x43 Src/SPI_driver.o
 .debug_macro   0x00000000000170b6       0xca Src/SPI_driver.o
 .debug_macro   0x0000000000017180      0x148 Src/SPI_driver.o
 .debug_macro   0x00000000000172c8       0xdb Src/gpio_driver.o
 .debug_macro   0x00000000000173a3       0xf4 Src/i2c_int_handler.o
 .debug_macro   0x0000000000017497      0x1b8 Src/i2c_int_handler.o
 .debug_macro   0x000000000001764f       0xea Src/i2s_driver.o
 .debug_macro   0x0000000000017739      0x1d9 Src/main.o
 .debug_macro   0x0000000000017912      0x14e Src/main.o
 .debug_macro   0x0000000000017a60      0x1be Src/main.o
 .debug_macro   0x0000000000017c1e       0x52 Src/main.o
 .debug_macro   0x0000000000017c70       0x18 Src/main.o
 .debug_macro   0x0000000000017c88       0x3c Src/main.o
 .debug_macro   0x0000000000017cc4       0x34 Src/main.o
 .debug_macro   0x0000000000017cf8      0x174 Src/main.o
 .debug_macro   0x0000000000017e6c       0x16 Src/main.o
 .debug_macro   0x0000000000017e82       0x43 Src/main.o
 .debug_macro   0x0000000000017ec5       0x34 Src/main.o
 .debug_macro   0x0000000000017ef9       0x10 Src/main.o
 .debug_macro   0x0000000000017f09       0x58 Src/main.o
 .debug_macro   0x0000000000017f61       0x71 Src/main.o
 .debug_macro   0x0000000000017fd2       0x1c Src/main.o
 .debug_macro   0x0000000000017fee      0x12a Src/main.o
 .debug_macro   0x0000000000018118      0x333 Src/main.o
 .debug_macro   0x000000000001844b       0x10 Src/main.o
 .debug_macro   0x000000000001845b       0x35 Src/main.o
 .debug_macro   0x0000000000018490       0x20 Src/main.o
 .debug_macro   0x00000000000184b0      0x148 Src/main.o

.debug_line     0x0000000000000000     0x2e50
 .debug_line    0x0000000000000000      0x89e Src/SPI_driver.o
 .debug_line    0x000000000000089e      0x6d7 Src/gpio_driver.o
 .debug_line    0x0000000000000f75      0xbf8 Src/i2c_int_handler.o
 .debug_line    0x0000000000001b6d      0x8db Src/i2s_driver.o
 .debug_line    0x0000000000002448      0x984 Src/main.o
 .debug_line    0x0000000000002dcc       0x84 Startup/startup_stm32f207ighx.o

.debug_str      0x0000000000000000    0x8732c
 .debug_str     0x0000000000000000    0x82013 Src/SPI_driver.o
                                      0x821e4 (size before relaxing)
 .debug_str     0x0000000000082013      0x762 Src/gpio_driver.o
                                      0x81e39 (size before relaxing)
 .debug_str     0x0000000000082775      0xd82 Src/i2c_int_handler.o
                                      0x82463 (size before relaxing)
 .debug_str     0x00000000000834f7      0x2e3 Src/i2s_driver.o
                                      0x82524 (size before relaxing)
 .debug_str     0x00000000000837da     0x3b21 Src/main.o
                                      0x86ce1 (size before relaxing)
 .debug_str     0x00000000000872fb       0x31 Startup/startup_stm32f207ighx.o
                                         0x69 (size before relaxing)

.comment        0x0000000000000000       0x53
 .comment       0x0000000000000000       0x53 Src/SPI_driver.o
                                         0x54 (size before relaxing)
 .comment       0x0000000000000053       0x54 Src/gpio_driver.o
 .comment       0x0000000000000053       0x54 Src/i2c_int_handler.o
 .comment       0x0000000000000053       0x54 Src/i2s_driver.o
 .comment       0x0000000000000053       0x54 Src/main.o

.debug_frame    0x0000000000000000      0xed8
 .debug_frame   0x0000000000000000      0x3a8 Src/SPI_driver.o
 .debug_frame   0x00000000000003a8      0x1e8 Src/gpio_driver.o
 .debug_frame   0x0000000000000590      0x338 Src/i2c_int_handler.o
 .debug_frame   0x00000000000008c8      0x3e0 Src/i2s_driver.o
 .debug_frame   0x0000000000000ca8      0x1e4 Src/main.o
 .debug_frame   0x0000000000000e8c       0x2c c:/st/stm32cubeide_1.6.1/stm32cubeide/plugins/com.st.stm32cube.ide.mcu.externaltools.gnu-tools-for-stm32.9-2020-q2-update.win32_1.5.0.202011040924/tools/bin/../lib/gcc/arm-none-eabi/9.3.1/../../../../arm-none-eabi/lib/thumb/v7-m/nofp\libc_nano.a(lib_a-init.o)
 .debug_frame   0x0000000000000eb8       0x20 c:/st/stm32cubeide_1.6.1/stm32cubeide/plugins/com.st.stm32cube.ide.mcu.externaltools.gnu-tools-for-stm32.9-2020-q2-update.win32_1.5.0.202011040924/tools/bin/../lib/gcc/arm-none-eabi/9.3.1/../../../../arm-none-eabi/lib/thumb/v7-m/nofp\libc_nano.a(lib_a-memset.o)
