i2c_int_handler.c:17:13:I2C_MasterTransmit_TXE	16	static
i2c_int_handler.c:34:6:HAL_I2C_MemTxCpltCallback	16	static
i2c_int_handler.c:48:6:HAL_I2C_MasterTxCpltCallback	16	static
i2c_int_handler.c:62:6:HAL_I2C_MemRxCpltCallback	16	static
i2c_int_handler.c:76:6:HAL_I2C_SlaveRxCpltCallback	16	static
i2c_int_handler.c:90:6:HAL_I2C_SlaveTxCpltCallback	16	static
i2c_int_handler.c:104:6:HAL_I2C_MasterRxCpltCallback	16	static
i2c_int_handler.c:118:13:I2C_MasterTransmit_BTF	16	static
i2c_int_handler.c:149:13:I2C_MasterReceive_BTF	16	static
i2c_int_handler.c:194:13:I2C_Slave_ADDR	24	static
i2c_int_handler.c:202:6:hal_clear_stop_flag	24	static
i2c_int_handler.c:216:13:I2C_Slave_STOPF	16	static
i2c_int_handler.c:240:13:I2C_Slave_AF	16	static
i2c_int_handler.c:264:13:I2C_SlaveTransmit_TXE	16	static
i2c_int_handler.c:279:13:I2C_SlaveTransmit_BTF	16	static
i2c_int_handler.c:294:13:I2C_MasterReceive_RXNE	24	static
i2c_int_handler.c:334:13:I2C_SlaveReceive_BTF	16	static
i2c_int_handler.c:349:13:I2C_SlaveReceive_RXNE	16	static
i2c_int_handler.c:364:6:HAL_I2C_EV_IRQHandler	32	static
i2c_int_handler.c:456:6:HAL_I2C_ErrorCallback	16	static
i2c_int_handler.c:474:6:HAL_I2C_ER_IRQHandler	32	static
