core_cm3.h:1511:22:__NVIC_EnableIRQ	16	static
main.c:42:5:main	8	static
main.c:321:6:delay_gen	16	static
main.c:327:6:i2c_gpio_init	32	static
main.c:348:6:led_init	32	static
main.c:365:6:led_toggle	16	static
main.c:372:6:spi_gpio_init	32	static
main.c:402:6:assert_error	8	static
main.c:409:6:button_init	32	static
main.c:427:17:Buffercmp	24	static
main.c:446:6:EXTI15_10_IRQHandler	8	static
main.c:457:6:I2C2_EV_IRQHandler	8	static
main.c:467:6:I2C2_ER_IRQHandler	8	static
main.c:477:6:SPI2_IRQHandler	8	static
