core_cm3.h:1511:22:__NVIC_EnableIRQ	16	static
main.c:42:5:main	8	static
main.c:321:6:delay_gen	16	static
main.c:327:6:i2c_gpio_init	32	static
main.c:349:6:led_init	32	static
main.c:366:6:led_toggle	16	static
main.c:373:6:spi_gpio_init	32	static
main.c:403:6:assert_error	8	static
main.c:410:6:button_init	32	static
main.c:428:17:Buffercmp	24	static
main.c:447:6:EXTI15_10_IRQHandler	8	static
main.c:458:6:I2C2_EV_IRQHandler	8	static
main.c:468:6:I2C2_ER_IRQHandler	8	static
main.c:478:6:SPI2_IRQHandler	8	static
