SPI_driver.c:22:6:hal_spi_enable	16	static
SPI_driver.c:32:6:hal_spi_disable	16	static
SPI_driver.c:43:6:hal_spi_configure_phase_and_polarity	24	static
SPI_driver.c:64:6:hal_spi_configure_device_mode	16	static
SPI_driver.c:80:6:hal_spi_configure_datasize	24	static
SPI_driver.c:100:6:hal_spi_configure_nss_master	16	static
SPI_driver.c:116:6:hal_spi_configure_nss_slave	16	static
SPI_driver.c:132:6:hal_spi_configure_baudrate	16	static
SPI_driver.c:146:6:hal_spi_configure_direction	16	static
SPI_driver.c:161:13:hal_spi_enable_txe_interrupt	16	static
SPI_driver.c:171:13:hal_spi_disable_txe_interrupt	16	static
SPI_driver.c:181:13:hal_spi_enable_rxne_interrupt	16	static
SPI_driver.c:191:13:hal_spi_disable_rxne_interrupt	16	static
SPI_driver.c:201:6:hal_spi_init	16	static
SPI_driver.c:242:9:hal_spi_is_bus_busy	16	static
SPI_driver.c:257:6:hal_spi_master_tx	24	static
SPI_driver.c:280:6:hal_spi_master_rx	32	static
SPI_driver.c:319:6:hal_spi_slave_tx	24	static
SPI_driver.c:350:6:hal_spi_slave_rx	24	static
SPI_driver.c:381:13:hal_spi_tx_close_interrupt	16	static
SPI_driver.c:400:6:hal_spi_handle_tx_interrupt	16	static
SPI_driver.c:421:13:hal_spi_close_rx_interrupt	16	static
SPI_driver.c:436:13:hal_spi_handle_rx_interrupt	16	static
SPI_driver.c:461:6:hal_spi_irq_handler	24	static
